Archive member included because of file (symbol)

c:/ac6/systemworkbench/plugins/fr.ac6.mcu.externaltools.arm-none.win32_1.2.0.201505291716/tools/compiler/bin/../lib/gcc/arm-none-eabi/4.9.3/../../../../arm-none-eabi/lib/armv7e-m/fpu\libc.a(lib_a-exit.o)
                              c:/ac6/systemworkbench/plugins/fr.ac6.mcu.externaltools.arm-none.win32_1.2.0.201505291716/tools/compiler/bin/../lib/gcc/arm-none-eabi/4.9.3/../../../../arm-none-eabi/lib/armv7e-m/fpu/crt0.o (exit)
c:/ac6/systemworkbench/plugins/fr.ac6.mcu.externaltools.arm-none.win32_1.2.0.201505291716/tools/compiler/bin/../lib/gcc/arm-none-eabi/4.9.3/../../../../arm-none-eabi/lib/armv7e-m/fpu\libc.a(lib_a-impure.o)
                              c:/ac6/systemworkbench/plugins/fr.ac6.mcu.externaltools.arm-none.win32_1.2.0.201505291716/tools/compiler/bin/../lib/gcc/arm-none-eabi/4.9.3/../../../../arm-none-eabi/lib/armv7e-m/fpu\libc.a(lib_a-exit.o) (_global_impure_ptr)
c:/ac6/systemworkbench/plugins/fr.ac6.mcu.externaltools.arm-none.win32_1.2.0.201505291716/tools/compiler/bin/../lib/gcc/arm-none-eabi/4.9.3/../../../../arm-none-eabi/lib/armv7e-m/fpu\libc.a(lib_a-init.o)
                              c:/ac6/systemworkbench/plugins/fr.ac6.mcu.externaltools.arm-none.win32_1.2.0.201505291716/tools/compiler/bin/../lib/gcc/arm-none-eabi/4.9.3/../../../../arm-none-eabi/lib/armv7e-m/fpu/crt0.o (__libc_init_array)
c:/ac6/systemworkbench/plugins/fr.ac6.mcu.externaltools.arm-none.win32_1.2.0.201505291716/tools/compiler/bin/../lib/gcc/arm-none-eabi/4.9.3/../../../../arm-none-eabi/lib/armv7e-m/fpu\libc.a(lib_a-memset.o)
                              c:/ac6/systemworkbench/plugins/fr.ac6.mcu.externaltools.arm-none.win32_1.2.0.201505291716/tools/compiler/bin/../lib/gcc/arm-none-eabi/4.9.3/../../../../arm-none-eabi/lib/armv7e-m/fpu/crt0.o (memset)
c:/ac6/systemworkbench/plugins/fr.ac6.mcu.externaltools.arm-none.win32_1.2.0.201505291716/tools/compiler/bin/../lib/gcc/arm-none-eabi/4.9.3/../../../../arm-none-eabi/lib/armv7e-m/fpu\libc.a(lib_a-__call_atexit.o)
                              c:/ac6/systemworkbench/plugins/fr.ac6.mcu.externaltools.arm-none.win32_1.2.0.201505291716/tools/compiler/bin/../lib/gcc/arm-none-eabi/4.9.3/../../../../arm-none-eabi/lib/armv7e-m/fpu\libc.a(lib_a-exit.o) (__call_exitprocs)
c:/ac6/systemworkbench/plugins/fr.ac6.mcu.externaltools.arm-none.win32_1.2.0.201505291716/tools/compiler/bin/../lib/gcc/arm-none-eabi/4.9.3/../../../../arm-none-eabi/lib/armv7e-m/fpu\libc.a(lib_a-atexit.o)
                              c:/ac6/systemworkbench/plugins/fr.ac6.mcu.externaltools.arm-none.win32_1.2.0.201505291716/tools/compiler/bin/../lib/gcc/arm-none-eabi/4.9.3/../../../../arm-none-eabi/lib/armv7e-m/fpu\libc.a(lib_a-__call_atexit.o) (atexit)
c:/ac6/systemworkbench/plugins/fr.ac6.mcu.externaltools.arm-none.win32_1.2.0.201505291716/tools/compiler/bin/../lib/gcc/arm-none-eabi/4.9.3/../../../../arm-none-eabi/lib/armv7e-m/fpu\libc.a(lib_a-fini.o)
                              c:/ac6/systemworkbench/plugins/fr.ac6.mcu.externaltools.arm-none.win32_1.2.0.201505291716/tools/compiler/bin/../lib/gcc/arm-none-eabi/4.9.3/../../../../arm-none-eabi/lib/armv7e-m/fpu\libc.a(lib_a-__call_atexit.o) (__libc_fini_array)
c:/ac6/systemworkbench/plugins/fr.ac6.mcu.externaltools.arm-none.win32_1.2.0.201505291716/tools/compiler/bin/../lib/gcc/arm-none-eabi/4.9.3/../../../../arm-none-eabi/lib/armv7e-m/fpu\libc.a(lib_a-__atexit.o)
                              c:/ac6/systemworkbench/plugins/fr.ac6.mcu.externaltools.arm-none.win32_1.2.0.201505291716/tools/compiler/bin/../lib/gcc/arm-none-eabi/4.9.3/../../../../arm-none-eabi/lib/armv7e-m/fpu\libc.a(lib_a-atexit.o) (__register_exitproc)

Allocating common symbols
Common symbol       size              file

loopwork            0x20              src/boost.o

Discarded input sections

 .text          0x00000000        0x0 c:/ac6/systemworkbench/plugins/fr.ac6.mcu.externaltools.arm-none.win32_1.2.0.201505291716/tools/compiler/bin/../lib/gcc/arm-none-eabi/4.9.3/armv7e-m/fpu/crti.o
 .data          0x00000000        0x0 c:/ac6/systemworkbench/plugins/fr.ac6.mcu.externaltools.arm-none.win32_1.2.0.201505291716/tools/compiler/bin/../lib/gcc/arm-none-eabi/4.9.3/armv7e-m/fpu/crti.o
 .bss           0x00000000        0x0 c:/ac6/systemworkbench/plugins/fr.ac6.mcu.externaltools.arm-none.win32_1.2.0.201505291716/tools/compiler/bin/../lib/gcc/arm-none-eabi/4.9.3/armv7e-m/fpu/crti.o
 .data          0x00000000        0x4 c:/ac6/systemworkbench/plugins/fr.ac6.mcu.externaltools.arm-none.win32_1.2.0.201505291716/tools/compiler/bin/../lib/gcc/arm-none-eabi/4.9.3/armv7e-m/fpu/crtbegin.o
 .text          0x00000000       0x74 c:/ac6/systemworkbench/plugins/fr.ac6.mcu.externaltools.arm-none.win32_1.2.0.201505291716/tools/compiler/bin/../lib/gcc/arm-none-eabi/4.9.3/../../../../arm-none-eabi/lib/armv7e-m/fpu/crt0.o
[...]
Memory Configuration

Name             Origin             Length             Attributes
FLASH            0x08000000         0x00010000         xr
RAM              0x20000000         0x00003000         xrw
MEMORY_B1        0x60000000         0x00000000         xr
CCMRAM           0x10000000         0x00002000         rw
*default*        0x00000000         0xffffffff

Linker script and memory map

LOAD c:/ac6/systemworkbench/plugins/fr.ac6.mcu.externaltools.arm-none.win32_1.2.0.201505291716/tools/compiler/bin/../lib/gcc/arm-none-eabi/4.9.3/armv7e-m/fpu/crti.o
LOAD c:/ac6/systemworkbench/plugins/fr.ac6.mcu.externaltools.arm-none.win32_1.2.0.201505291716/tools/compiler/bin/../lib/gcc/arm-none-eabi/4.9.3/armv7e-m/fpu/crtbegin.o
LOAD c:/ac6/systemworkbench/plugins/fr.ac6.mcu.externaltools.arm-none.win32_1.2.0.201505291716/tools/compiler/bin/../lib/gcc/arm-none-eabi/4.9.3/../../../../arm-none-eabi/lib/armv7e-m/fpu/crt0.o
LOAD c:/ac6/systemworkbench/plugins/fr.ac6.mcu.externaltools.arm-none.win32_1.2.0.201505291716/tools/compiler/bin/../lib/gcc/arm-none-eabi/4.9.3/../../../../arm-none-eabi/lib/armv7e-m/fpu\libm.a
LOAD startup/startup_stm32f334x8.o
LOAD src/boost.o
LOAD src/dpl.o
LOAD src/main.o
LOAD src/system_stm32f30x.o
LOAD Utilities/stm32f3348_discovery.o
LOAD StdPeriph_Driver/src/stm32f30x_adc.o
LOAD StdPeriph_Driver/src/stm32f30x_can.o
LOAD StdPeriph_Driver/src/stm32f30x_comp.o
LOAD StdPeriph_Driver/src/stm32f30x_crc.o
LOAD StdPeriph_Driver/src/stm32f30x_dac.o
LOAD StdPeriph_Driver/src/stm32f30x_dbgmcu.o
LOAD StdPeriph_Driver/src/stm32f30x_dma.o
LOAD StdPeriph_Driver/src/stm32f30x_exti.o
LOAD StdPeriph_Driver/src/stm32f30x_flash.o
LOAD StdPeriph_Driver/src/stm32f30x_gpio.o
LOAD StdPeriph_Driver/src/stm32f30x_hrtim.o
LOAD StdPeriph_Driver/src/stm32f30x_i2c.o
LOAD StdPeriph_Driver/src/stm32f30x_iwdg.o
LOAD StdPeriph_Driver/src/stm32f30x_misc.o
LOAD StdPeriph_Driver/src/stm32f30x_opamp.o
LOAD StdPeriph_Driver/src/stm32f30x_pwr.o
LOAD StdPeriph_Driver/src/stm32f30x_rcc.o
LOAD StdPeriph_Driver/src/stm32f30x_rtc.o
LOAD StdPeriph_Driver/src/stm32f30x_spi.o
LOAD StdPeriph_Driver/src/stm32f30x_syscfg.o
LOAD StdPeriph_Driver/src/stm32f30x_tim.o
LOAD StdPeriph_Driver/src/stm32f30x_usart.o
LOAD StdPeriph_Driver/src/stm32f30x_wwdg.o
START GROUP
LOAD c:/ac6/systemworkbench/plugins/fr.ac6.mcu.externaltools.arm-none.win32_1.2.0.201505291716/tools/compiler/bin/../lib/gcc/arm-none-eabi/4.9.3/armv7e-m/fpu\libgcc.a
LOAD c:/ac6/systemworkbench/plugins/fr.ac6.mcu.externaltools.arm-none.win32_1.2.0.201505291716/tools/compiler/bin/../lib/gcc/arm-none-eabi/4.9.3/../../../../arm-none-eabi/lib/armv7e-m/fpu\libc.a
END GROUP
LOAD c:/ac6/systemworkbench/plugins/fr.ac6.mcu.externaltools.arm-none.win32_1.2.0.201505291716/tools/compiler/bin/../lib/gcc/arm-none-eabi/4.9.3/armv7e-m/fpu/crtend.o
LOAD c:/ac6/systemworkbench/plugins/fr.ac6.mcu.externaltools.arm-none.win32_1.2.0.201505291716/tools/compiler/bin/../lib/gcc/arm-none-eabi/4.9.3/armv7e-m/fpu/crtn.o
                0x20003000                _estack = 0x20003000
                0x00000200                _Min_Heap_Size = 0x200
                0x00000400                _Min_Stack_Size = 0x400

.isr_vector     0x08000000      0x188
                0x08000000                . = ALIGN (0x4)
 *(.isr_vector)
 .isr_vector    0x08000000      0x188 startup/startup_stm32f334x8.o
                0x08000000                g_pfnVectors
                0x08000188                . = ALIGN (0x4)

.text           0x08000188      0xfc4
                0x08000188                . = ALIGN (0x4)
 *(.text)
 .text          0x08000188       0x5c c:/ac6/systemworkbench/plugins/fr.ac6.mcu.externaltools.arm-none.win32_1.2.0.201505291716/tools/compiler/bin/../lib/gcc/arm-none-eabi/4.9.3/armv7e-m/fpu/crtbegin.o
 .text          0x080001e4       0x58 src/dpl.o
                0x080001e4                DigitalPowerLoopFunc
 *(.text*)
 .text.Reset_Handler
                0x0800023c       0x50 startup/startup_stm32f334x8.o
                0x0800023c                Reset_Handler
 .text.Default_Handler
                0x0800028c        0x2 startup/startup_stm32f334x8.o
                0x0800028c                RTC_Alarm_IRQHandler
                0x0800028c                HRTIM1_Master_IRQHandler
                0x0800028c                DebugMon_Handler
                0x0800028c                TIM1_CC_IRQHandler
                0x0800028c                HardFault_Handler
                0x0800028c                HRTIM1_FLT_IRQHandler
                0x0800028c                PVD_IRQHandler
                0x0800028c                HRTIM1_TIMD_IRQHandler
                0x0800028c                PendSV_Handler
                0x0800028c                NMI_Handler
                0x0800028c                EXTI3_IRQHandler
                0x0800028c                EXTI0_IRQHandler
                0x0800028c                CAN1_RX0_IRQHandler
                0x0800028c                FPU_IRQHandler
                0x0800028c                EXTI2_TS_IRQHandler
                0x0800028c                TIM1_UP_TIM16_IRQHandler
                0x0800028c                UsageFault_Handler
                0x0800028c                HRTIM1_TIME_IRQHandler
                0x0800028c                SPI1_IRQHandler
                0x0800028c                HRTIM1_TIMC_IRQHandler
                0x0800028c                DMA1_Channel4_IRQHandler
                0x0800028c                USART3_IRQHandler
                0x0800028c                DMA1_Channel7_IRQHandler
                0x0800028c                TIM7_DAC2_IRQHandler
                0x0800028c                CAN1_RX1_IRQHandler
                0x0800028c                I2C1_EV_IRQHandler
                0x0800028c                DMA1_Channel6_IRQHandler
                0x0800028c                TIM3_IRQHandler
                0x0800028c                RCC_IRQHandler
                0x0800028c                DMA1_Channel1_IRQHandler
                0x0800028c                Default_Handler
                0x0800028c                EXTI15_10_IRQHandler
                0x0800028c                COMP2_IRQHandler
                0x0800028c                HRTIM1_TIMA_IRQHandler
                0x0800028c                TIM6_DAC1_IRQHandler
                0x0800028c                EXTI9_5_IRQHandler
                0x0800028c                TAMPER_STAMP_IRQHandler
                0x0800028c                RTC_WKUP_IRQHandler
                0x0800028c                MemManage_Handler
                0x0800028c                CAN1_TX_IRQHandler
                0x0800028c                SVC_Handler
                0x0800028c                DMA1_Channel5_IRQHandler
                0x0800028c                EXTI4_IRQHandler
                0x0800028c                TIM1_TRG_COM_TIM17_IRQHandler
                0x0800028c                DMA1_Channel3_IRQHandler
                0x0800028c                WWDG_IRQHandler
                0x0800028c                TIM2_IRQHandler
                0x0800028c                EXTI1_IRQHandler
                0x0800028c                COMP4_6_IRQHandler
                0x0800028c                USART2_IRQHandler
                0x0800028c                DMA1_Channel2_IRQHandler
                0x0800028c                CAN1_SCE_IRQHandler
                0x0800028c                FLASH_IRQHandler
                0x0800028c                BusFault_Handler
                0x0800028c                USART1_IRQHandler
                0x0800028c                I2C1_ER_IRQHandler
                0x0800028c                TIM1_BRK_TIM15_IRQHandler
 *fill*         0x0800028e        0x2 
 .text.Boost_HW_SetAnalog
                0x08000290       0xa8 src/boost.o
                0x08000290                Boost_HW_SetAnalog
 .text.Boost_HW_SetPwm
                0x08000338       0xfc src/boost.o
                0x08000338                Boost_HW_SetPwm
 .text.HRTIM1_TIMB_IRQHandler
                0x08000434      0x10c src/boost.o
                0x08000434                HRTIM1_TIMB_IRQHandler
 .text.ADC1_2_IRQHandler
                0x08000540       0x34 src/boost.o
                0x08000540                ADC1_2_IRQHandler
 .text.BoostInit
                0x08000574      0x134 src/boost.o
                0x08000574                BoostInit
 .text.BoostStart
                0x080006a8       0x74 src/boost.o
                0x080006a8                BoostStart
 .text.BoostVoltageChange
                0x0800071c       0x60 src/boost.o
                0x0800071c                BoostVoltageChange
 .text.startup.main
                0x0800077c      0x10c src/main.o
                0x0800077c                main
 .text.SysTick_Handler
                0x08000888       0x10 src/main.o
                0x08000888                SysTick_Handler
 .text.SystemInit
                0x08000898      0x110 src/system_stm32f30x.o
                0x08000898                SystemInit
 .text.STM_EVAL_PBInit
                0x080009a8       0x80 Utilities/stm32f3348_discovery.o
                0x080009a8                STM_EVAL_PBInit
 .text.ADC_DeInit
                0x08000a28       0x58 StdPeriph_Driver/src/stm32f30x_adc.o
                0x08000a28                ADC_DeInit
 .text.ADC_Init
                0x08000a80       0x4c StdPeriph_Driver/src/stm32f30x_adc.o
                0x08000a80                ADC_Init
 .text.ADC_StructInit
                0x08000acc       0x18 StdPeriph_Driver/src/stm32f30x_adc.o
                0x08000acc                ADC_StructInit
 .text.ADC_CommonInit
                0x08000ae4       0x78 StdPeriph_Driver/src/stm32f30x_adc.o
                0x08000ae4                ADC_CommonInit
 .text.ADC_CommonStructInit
                0x08000b5c       0x10 StdPeriph_Driver/src/stm32f30x_adc.o
                0x08000b5c                ADC_CommonStructInit
 .text.ADC_Cmd  0x08000b6c       0x14 StdPeriph_Driver/src/stm32f30x_adc.o
                0x08000b6c                ADC_Cmd
 .text.ADC_VoltageRegulatorCmd
                0x08000b80       0x1c StdPeriph_Driver/src/stm32f30x_adc.o
                0x08000b80                ADC_VoltageRegulatorCmd
 .text.ADC_RegularChannelConfig
                0x08000b9c       0xc4 StdPeriph_Driver/src/stm32f30x_adc.o
                0x08000b9c                ADC_RegularChannelConfig
 .text.ADC_RegularChannelSequencerLengthConfig
                0x08000c60       0x14 StdPeriph_Driver/src/stm32f30x_adc.o
                0x08000c60                ADC_RegularChannelSequencerLengthConfig
 .text.ADC_StartConversion
                0x08000c74        0xc StdPeriph_Driver/src/stm32f30x_adc.o
                0x08000c74                ADC_StartConversion
 .text.ADC_GetStartConversionStatus
                0x08000c80        0x8 StdPeriph_Driver/src/stm32f30x_adc.o
                0x08000c80                ADC_GetStartConversionStatus
 .text.ADC_GetConversionValue
                0x08000c88        0x8 StdPeriph_Driver/src/stm32f30x_adc.o
                0x08000c88                ADC_GetConversionValue
 .text.ADC_ITConfig
                0x08000c90       0x14 StdPeriph_Driver/src/stm32f30x_adc.o
                0x08000c90                ADC_ITConfig
 .text.ADC_ClearITPendingBit
                0x08000ca4        0x4 StdPeriph_Driver/src/stm32f30x_adc.o
                0x08000ca4                ADC_ClearITPendingBit
 .text.EXTI_Init
                0x08000ca8      0x114 StdPeriph_Driver/src/stm32f30x_exti.o
                0x08000ca8                EXTI_Init
 .text.GPIO_Init
                0x08000dbc       0xac StdPeriph_Driver/src/stm32f30x_gpio.o
                0x08000dbc                GPIO_Init
 .text.GPIO_SetBits
                0x08000e68        0x4 StdPeriph_Driver/src/stm32f30x_gpio.o
                0x08000e68                GPIO_SetBits
 .text.GPIO_ResetBits
                0x08000e6c        0x4 StdPeriph_Driver/src/stm32f30x_gpio.o
                0x08000e6c                GPIO_ResetBits
 .text.GPIO_PinAFConfig
                0x08000e70       0x28 StdPeriph_Driver/src/stm32f30x_gpio.o
                0x08000e70                GPIO_PinAFConfig
 .text.HRTIM_ITConfig
                0x08000e98       0x3c StdPeriph_Driver/src/stm32f30x_hrtim.o
                0x08000e98                HRTIM_ITConfig
 .text.HRTIM_ClearITPendingBit
                0x08000ed4       0x20 StdPeriph_Driver/src/stm32f30x_hrtim.o
                0x08000ed4                HRTIM_ClearITPendingBit
 .text.NVIC_Init
                0x08000ef4       0x70 StdPeriph_Driver/src/stm32f30x_misc.o
                0x08000ef4                NVIC_Init
 .text.RCC_HRTIM1CLKConfig
                0x08000f64       0x18 StdPeriph_Driver/src/stm32f30x_rcc.o
                0x08000f64                RCC_HRTIM1CLKConfig
 .text.RCC_AHBPeriphClockCmd
                0x08000f7c       0x18 StdPeriph_Driver/src/stm32f30x_rcc.o
                0x08000f7c                RCC_AHBPeriphClockCmd
 .text.RCC_APB2PeriphClockCmd
                0x08000f94       0x18 StdPeriph_Driver/src/stm32f30x_rcc.o
                0x08000f94                RCC_APB2PeriphClockCmd
 .text.RCC_AHBPeriphResetCmd
                0x08000fac       0x18 StdPeriph_Driver/src/stm32f30x_rcc.o
                0x08000fac                RCC_AHBPeriphResetCmd
 .text.SYSCFG_EXTILineConfig
                0x08000fc4       0x30 StdPeriph_Driver/src/stm32f30x_syscfg.o
                0x08000fc4                SYSCFG_EXTILineConfig
 .text.__libc_init_array
                0x08000ff4       0x50 c:/ac6/systemworkbench/plugins/fr.ac6.mcu.externaltools.arm-none.win32_1.2.0.201505291716/tools/compiler/bin/../lib/gcc/arm-none-eabi/4.9.3/../../../../arm-none-eabi/lib/armv7e-m/fpu\libc.a(lib_a-init.o)
                0x08000ff4                __libc_init_array
 .text.startup.register_fini
                0x08001044       0x14 c:/ac6/systemworkbench/plugins/fr.ac6.mcu.externaltools.arm-none.win32_1.2.0.201505291716/tools/compiler/bin/../lib/gcc/arm-none-eabi/4.9.3/../../../../arm-none-eabi/lib/armv7e-m/fpu\libc.a(lib_a-__call_atexit.o)
 .text.atexit   0x08001058        0xc c:/ac6/systemworkbench/plugins/fr.ac6.mcu.externaltools.arm-none.win32_1.2.0.201505291716/tools/compiler/bin/../lib/gcc/arm-none-eabi/4.9.3/../../../../arm-none-eabi/lib/armv7e-m/fpu\libc.a(lib_a-atexit.o)
                0x08001058                atexit
 .text.__libc_fini_array
                0x08001064       0x2c c:/ac6/systemworkbench/plugins/fr.ac6.mcu.externaltools.arm-none.win32_1.2.0.201505291716/tools/compiler/bin/../lib/gcc/arm-none-eabi/4.9.3/../../../../arm-none-eabi/lib/armv7e-m/fpu\libc.a(lib_a-fini.o)
                0x08001064                __libc_fini_array
 .text.__register_exitproc
                0x08001090       0xa4 c:/ac6/systemworkbench/plugins/fr.ac6.mcu.externaltools.arm-none.win32_1.2.0.201505291716/tools/compiler/bin/../lib/gcc/arm-none-eabi/4.9.3/../../../../arm-none-eabi/lib/armv7e-m/fpu\libc.a(lib_a-__atexit.o)
                0x08001090                __register_exitproc
 *(.glue_7)
 .glue_7        0x00000000        0x0 linker stubs
 *(.glue_7t)
 .glue_7t       0x00000000        0x0 linker stubs
 *(.eh_frame)
 .eh_frame      0x08001134        0x0 c:/ac6/systemworkbench/plugins/fr.ac6.mcu.externaltools.arm-none.win32_1.2.0.201505291716/tools/compiler/bin/../lib/gcc/arm-none-eabi/4.9.3/armv7e-m/fpu/crtbegin.o
 *(.init)
 .init          0x08001134        0x4 c:/ac6/systemworkbench/plugins/fr.ac6.mcu.externaltools.arm-none.win32_1.2.0.201505291716/tools/compiler/bin/../lib/gcc/arm-none-eabi/4.9.3/armv7e-m/fpu/crti.o
                0x08001134                _init
 .init          0x08001138        0x8 c:/ac6/systemworkbench/plugins/fr.ac6.mcu.externaltools.arm-none.win32_1.2.0.201505291716/tools/compiler/bin/../lib/gcc/arm-none-eabi/4.9.3/armv7e-m/fpu/crtn.o
 *(.fini)
 .fini          0x08001140        0x4 c:/ac6/systemworkbench/plugins/fr.ac6.mcu.externaltools.arm-none.win32_1.2.0.201505291716/tools/compiler/bin/../lib/gcc/arm-none-eabi/4.9.3/armv7e-m/fpu/crti.o
                0x08001140                _fini
 .fini          0x08001144        0x8 c:/ac6/systemworkbench/plugins/fr.ac6.mcu.externaltools.arm-none.win32_1.2.0.201505291716/tools/compiler/bin/../lib/gcc/arm-none-eabi/4.9.3/armv7e-m/fpu/crtn.o
                0x0800114c                . = ALIGN (0x4)
                0x0800114c                _etext = .

.vfp11_veneer   0x0800114c        0x0
 .vfp11_veneer  0x00000000        0x0 linker stubs

.v4_bx          0x0800114c        0x0
 .v4_bx         0x00000000        0x0 linker stubs

.iplt           0x0800114c        0x0
 .iplt          0x00000000        0x0 c:/ac6/systemworkbench/plugins/fr.ac6.mcu.externaltools.arm-none.win32_1.2.0.201505291716/tools/compiler/bin/../lib/gcc/arm-none-eabi/4.9.3/armv7e-m/fpu/crtbegin.o

.rodata         0x0800114c        0x8
                0x0800114c                . = ALIGN (0x4)
 *(.rodata)
 *(.rodata*)
 .rodata.str1.4
                0x0800114c        0x4 c:/ac6/systemworkbench/plugins/fr.ac6.mcu.externaltools.arm-none.win32_1.2.0.201505291716/tools/compiler/bin/../lib/gcc/arm-none-eabi/4.9.3/../../../../arm-none-eabi/lib/armv7e-m/fpu\libc.a(lib_a-impure.o)
 .rodata._global_impure_ptr
                0x08001150        0x4 c:/ac6/systemworkbench/plugins/fr.ac6.mcu.externaltools.arm-none.win32_1.2.0.201505291716/tools/compiler/bin/../lib/gcc/arm-none-eabi/4.9.3/../../../../arm-none-eabi/lib/armv7e-m/fpu\libc.a(lib_a-impure.o)
                0x08001150                _global_impure_ptr
                0x08001154                . = ALIGN (0x4)

.rel.dyn        0x08001154        0x0
 .rel.iplt      0x00000000        0x0 c:/ac6/systemworkbench/plugins/fr.ac6.mcu.externaltools.arm-none.win32_1.2.0.201505291716/tools/compiler/bin/../lib/gcc/arm-none-eabi/4.9.3/armv7e-m/fpu/crtbegin.o

.ARM.extab
 *(.ARM.extab* .gnu.linkonce.armextab.*)

.ARM            0x08001154        0x0
                0x08001154                __exidx_start = .
 *(.ARM.exidx*)
                0x08001154                __exidx_end = .

.preinit_array  0x08001154        0x0
                0x08001154                PROVIDE (__preinit_array_start, .)
 *(.preinit_array*)
                0x08001154                PROVIDE (__preinit_array_end, .)

.init_array     0x08001154        0x8
                0x08001154                PROVIDE (__init_array_start, .)
 *(SORT(.init_array.*))
 .init_array.00000
                0x08001154        0x4 c:/ac6/systemworkbench/plugins/fr.ac6.mcu.externaltools.arm-none.win32_1.2.0.201505291716/tools/compiler/bin/../lib/gcc/arm-none-eabi/4.9.3/../../../../arm-none-eabi/lib/armv7e-m/fpu\libc.a(lib_a-__call_atexit.o)
 *(.init_array*)
 .init_array    0x08001158        0x4 c:/ac6/systemworkbench/plugins/fr.ac6.mcu.externaltools.arm-none.win32_1.2.0.201505291716/tools/compiler/bin/../lib/gcc/arm-none-eabi/4.9.3/armv7e-m/fpu/crtbegin.o
                0x0800115c                PROVIDE (__init_array_end, .)

.fini_array     0x0800115c        0x4
                0x0800115c                PROVIDE (__fini_array_start, .)
 *(SORT(.fini_array.*))
 *(.fini_array*)
 .fini_array    0x0800115c        0x4 c:/ac6/systemworkbench/plugins/fr.ac6.mcu.externaltools.arm-none.win32_1.2.0.201505291716/tools/compiler/bin/../lib/gcc/arm-none-eabi/4.9.3/armv7e-m/fpu/crtbegin.o
                0x08001160                PROVIDE (__fini_array_end, .)
                0x08001160                _sidata = LOADADDR (.data)

.data           0x20000000      0x458 load address 0x08001160
                0x20000000                . = ALIGN (0x4)
                0x20000000                _sdata = .
 *(.data)
 .data          0x20000000        0x4 src/boost.o
 .data          0x20000004       0x14 src/system_stm32f30x.o
                0x20000004                AHBPrescTable
                0x20000014                SystemCoreClock
 .data          0x20000018       0x14 Utilities/stm32f3348_discovery.o
                0x20000018                GPIO_PORT
                0x20000028                BUTTON_PORT
 *(.data*)
 *fill*         0x2000002c        0x4 
 .data.impure_data
                0x20000030      0x428 c:/ac6/systemworkbench/plugins/fr.ac6.mcu.externaltools.arm-none.win32_1.2.0.201505291716/tools/compiler/bin/../lib/gcc/arm-none-eabi/4.9.3/../../../../arm-none-eabi/lib/armv7e-m/fpu\libc.a(lib_a-impure.o)
                0x20000458                . = ALIGN (0x4)
                0x20000458                _edata = .
                0x080015b8                _siccmram = LOADADDR (.ccmram)

.jcr            0x20000458        0x0 load address 0x080015b8
 .jcr           0x20000458        0x0 c:/ac6/systemworkbench/plugins/fr.ac6.mcu.externaltools.arm-none.win32_1.2.0.201505291716/tools/compiler/bin/../lib/gcc/arm-none-eabi/4.9.3/armv7e-m/fpu/crtbegin.o

.igot.plt       0x20000458        0x0 load address 0x080015b8
 .igot.plt      0x00000000        0x0 c:/ac6/systemworkbench/plugins/fr.ac6.mcu.externaltools.arm-none.win32_1.2.0.201505291716/tools/compiler/bin/../lib/gcc/arm-none-eabi/4.9.3/armv7e-m/fpu/crtbegin.o

.ccmram         0x10000000        0x0 load address 0x080015b8
                0x10000000                . = ALIGN (0x4)
                0x10000000                _sccmram = .
 *(.ccmram)
 *(.ccmram*)
                0x10000000                . = ALIGN (0x4)
                0x10000000                _eccmram = .
                0x10000000                . = ALIGN (0x4)

.bss            0x20000458       0x6c
                0x20000458                _sbss = .
                0x20000458                __bss_start__ = _sbss
 *(.bss)
 .bss           0x20000458       0x1c c:/ac6/systemworkbench/plugins/fr.ac6.mcu.externaltools.arm-none.win32_1.2.0.201505291716/tools/compiler/bin/../lib/gcc/arm-none-eabi/4.9.3/armv7e-m/fpu/crtbegin.o
 .bss           0x20000474       0x28 src/boost.o
                0x20000478                integrator
                0x2000047c                prevError
                0x20000480                kp
                0x20000484                ki
                0x20000488                kd
                0x2000048c                output
 .bss           0x2000049c        0x8 src/main.o
                0x2000049c                tickCounter
                0x200004a0                dimmingMchn
 *(.bss*)
 *(COMMON)
 COMMON         0x200004a4       0x20 src/boost.o
                0x200004a4                loopwork
                0x200004c4                . = ALIGN (0x4)
                0x200004c4                _ebss = .
                0x200004c4                __bss_end__ = _ebss

._user_heap_stack
                0x200004c4      0x600
                0x200004c4                . = ALIGN (0x4)
                0x200004c4                PROVIDE (end, .)
                0x200004c4                PROVIDE (_end, .)
                0x200006c4                . = (. + _Min_Heap_Size)
 *fill*         0x200004c4      0x200 
                0x20000ac4                . = (. + _Min_Stack_Size)
 *fill*         0x200006c4      0x400 
                0x20000ac4                . = ALIGN (0x4)

.memory_b1_text
 *(.mb1text)
 *(.mb1text*)
 *(.mb1rodata)
 *(.mb1rodata*)

/DISCARD/
 libc.a(*)
 libm.a(*)
 libgcc.a(*)

.ARM.attributes
                0x00000000       0x30
 *(.ARM.attributes)
 .ARM.attributes
                0x00000000       0x22 c:/ac6/systemworkbench/plugins/fr.ac6.mcu.externaltools.arm-none.win32_1.2.0.201505291716/tools/compiler/bin/../lib/gcc/arm-none-eabi/4.9.3/armv7e-m/fpu/crti.o
 .ARM.attributes
                0x00000022       0x34 c:/ac6/systemworkbench/plugins/fr.ac6.mcu.externaltools.arm-none.win32_1.2.0.201505291716/tools/compiler/bin/../lib/gcc/arm-none-eabi/4.9.3/armv7e-m/fpu/crtbegin.o
 .ARM.attributes
                0x00000056       0x21 startup/startup_stm32f334x8.o
 .ARM.attributes
                0x00000077       0x39 src/boost.o
 .ARM.attributes
                0x000000b0       0x25 src/dpl.o
 .ARM.attributes
                0x000000d5       0x39 src/main.o
 .ARM.attributes
                0x0000010e       0x39 src/system_stm32f30x.o
 .ARM.attributes
                0x00000147       0x39 Utilities/stm32f3348_discovery.o
 .ARM.attributes
                0x00000180       0x39 StdPeriph_Driver/src/stm32f30x_adc.o
 .ARM.attributes
                0x000001b9       0x39 StdPeriph_Driver/src/stm32f30x_exti.o
 .ARM.attributes
                0x000001f2       0x39 StdPeriph_Driver/src/stm32f30x_gpio.o
 .ARM.attributes
                0x0000022b       0x39 StdPeriph_Driver/src/stm32f30x_hrtim.o
 .ARM.attributes
                0x00000264       0x39 StdPeriph_Driver/src/stm32f30x_misc.o
 .ARM.attributes
                0x0000029d       0x39 StdPeriph_Driver/src/stm32f30x_rcc.o
 .ARM.attributes
                0x000002d6       0x39 StdPeriph_Driver/src/stm32f30x_syscfg.o
 .ARM.attributes
                0x0000030f       0x34 c:/ac6/systemworkbench/plugins/fr.ac6.mcu.externaltools.arm-none.win32_1.2.0.201505291716/tools/compiler/bin/../lib/gcc/arm-none-eabi/4.9.3/../../../../arm-none-eabi/lib/armv7e-m/fpu\libc.a(lib_a-impure.o)
 .ARM.attributes
                0x00000343       0x34 c:/ac6/systemworkbench/plugins/fr.ac6.mcu.externaltools.arm-none.win32_1.2.0.201505291716/tools/compiler/bin/../lib/gcc/arm-none-eabi/4.9.3/../../../../arm-none-eabi/lib/armv7e-m/fpu\libc.a(lib_a-init.o)
 .ARM.attributes
                0x00000377       0x34 c:/ac6/systemworkbench/plugins/fr.ac6.mcu.externaltools.arm-none.win32_1.2.0.201505291716/tools/compiler/bin/../lib/gcc/arm-none-eabi/4.9.3/../../../../arm-none-eabi/lib/armv7e-m/fpu\libc.a(lib_a-__call_atexit.o)
 .ARM.attributes
                0x000003ab       0x34 c:/ac6/systemworkbench/plugins/fr.ac6.mcu.externaltools.arm-none.win32_1.2.0.201505291716/tools/compiler/bin/../lib/gcc/arm-none-eabi/4.9.3/../../../../arm-none-eabi/lib/armv7e-m/fpu\libc.a(lib_a-atexit.o)
 .ARM.attributes
                0x000003df       0x34 c:/ac6/systemworkbench/plugins/fr.ac6.mcu.externaltools.arm-none.win32_1.2.0.201505291716/tools/compiler/bin/../lib/gcc/arm-none-eabi/4.9.3/../../../../arm-none-eabi/lib/armv7e-m/fpu\libc.a(lib_a-fini.o)
 .ARM.attributes
                0x00000413       0x34 c:/ac6/systemworkbench/plugins/fr.ac6.mcu.externaltools.arm-none.win32_1.2.0.201505291716/tools/compiler/bin/../lib/gcc/arm-none-eabi/4.9.3/../../../../arm-none-eabi/lib/armv7e-m/fpu\libc.a(lib_a-__atexit.o)
 .ARM.attributes
                0x00000447       0x22 c:/ac6/systemworkbench/plugins/fr.ac6.mcu.externaltools.arm-none.win32_1.2.0.201505291716/tools/compiler/bin/../lib/gcc/arm-none-eabi/4.9.3/armv7e-m/fpu/crtn.o
OUTPUT(Disco_boost_converter.elf elf32-littlearm)

.debug_line     0x00000000     0x6226
 .debug_line    0x00000000       0x7f startup/startup_stm32f334x8.o
 .debug_line    0x0000007f      0x95d src/boost.o
 .debug_line    0x000009dc       0x56 src/dpl.o
 .debug_line    0x00000a32      0x6c1 src/main.o
 .debug_line    0x000010f3      0x61a src/system_stm32f30x.o
 .debug_line    0x0000170d      0x668 Utilities/stm32f3348_discovery.o
 .debug_line    0x00001d75      0xbb3 StdPeriph_Driver/src/stm32f30x_adc.o
 .debug_line    0x00002928      0x689 StdPeriph_Driver/src/stm32f30x_exti.o
 .debug_line    0x00002fb1      0x729 StdPeriph_Driver/src/stm32f30x_gpio.o
 .debug_line    0x000036da     0x13df StdPeriph_Driver/src/stm32f30x_hrtim.o
 .debug_line    0x00004ab9      0x634 StdPeriph_Driver/src/stm32f30x_misc.o
 .debug_line    0x000050ed      0xa5b StdPeriph_Driver/src/stm32f30x_rcc.o
 .debug_line    0x00005b48      0x6de StdPeriph_Driver/src/stm32f30x_syscfg.o

.debug_info     0x00000000     0x92a0
 .debug_info    0x00000000       0x80 startup/startup_stm32f334x8.o
 .debug_info    0x00000080     0x1c62 src/boost.o
 .debug_info    0x00001ce2       0x70 src/dpl.o
 .debug_info    0x00001d52      0xae0 src/main.o
 .debug_info    0x00002832      0x4c0 src/system_stm32f30x.o
 .debug_info    0x00002cf2      0x955 Utilities/stm32f3348_discovery.o
 .debug_info    0x00003647     0x138c StdPeriph_Driver/src/stm32f30x_adc.o
 .debug_info    0x000049d3      0x3b5 StdPeriph_Driver/src/stm32f30x_exti.o
 .debug_info    0x00004d88      0x765 StdPeriph_Driver/src/stm32f30x_gpio.o
 .debug_info    0x000054ed     0x27f5 StdPeriph_Driver/src/stm32f30x_hrtim.o
 .debug_info    0x00007ce2      0x54b StdPeriph_Driver/src/stm32f30x_misc.o
 .debug_info    0x0000822d      0xbe3 StdPeriph_Driver/src/stm32f30x_rcc.o
 .debug_info    0x00008e10      0x490 StdPeriph_Driver/src/stm32f30x_syscfg.o

.debug_abbrev   0x00000000     0x16fa
 .debug_abbrev  0x00000000       0x12 startup/startup_stm32f334x8.o
 .debug_abbrev  0x00000012      0x3b2 src/boost.o
 .debug_abbrev  0x000003c4       0x14 src/dpl.o
 .debug_abbrev  0x000003d8      0x261 src/main.o
 .debug_abbrev  0x00000639      0x148 src/system_stm32f30x.o
 .debug_abbrev  0x00000781      0x1e1 Utilities/stm32f3348_discovery.o
 .debug_abbrev  0x00000962      0x1f7 StdPeriph_Driver/src/stm32f30x_adc.o
 .debug_abbrev  0x00000b59      0x18e StdPeriph_Driver/src/stm32f30x_exti.o
 .debug_abbrev  0x00000ce7      0x1fb StdPeriph_Driver/src/stm32f30x_gpio.o
 .debug_abbrev  0x00000ee2      0x28f StdPeriph_Driver/src/stm32f30x_hrtim.o
 .debug_abbrev  0x00001171      0x159 StdPeriph_Driver/src/stm32f30x_misc.o
 .debug_abbrev  0x000012ca      0x28c StdPeriph_Driver/src/stm32f30x_rcc.o
 .debug_abbrev  0x00001556      0x1a4 StdPeriph_Driver/src/stm32f30x_syscfg.o

.debug_aranges  0x00000000      0x898
 .debug_aranges
                0x00000000       0x28 startup/startup_stm32f334x8.o
 .debug_aranges
                0x00000028       0x80 src/boost.o
 .debug_aranges
                0x000000a8       0x20 src/dpl.o
 .debug_aranges
                0x000000c8       0x28 src/main.o
 .debug_aranges
                0x000000f0       0x28 src/system_stm32f30x.o
 .debug_aranges
                0x00000118       0x48 Utilities/stm32f3348_discovery.o
 .debug_aranges
                0x00000160      0x210 StdPeriph_Driver/src/stm32f30x_adc.o
 .debug_aranges
                0x00000370       0x58 StdPeriph_Driver/src/stm32f30x_exti.o
 .debug_aranges
                0x000003c8       0x80 StdPeriph_Driver/src/stm32f30x_gpio.o
 .debug_aranges
                0x00000448      0x230 StdPeriph_Driver/src/stm32f30x_hrtim.o
 .debug_aranges
                0x00000678       0x40 StdPeriph_Driver/src/stm32f30x_misc.o
 .debug_aranges
                0x000006b8      0x158 StdPeriph_Driver/src/stm32f30x_rcc.o
 .debug_aranges
                0x00000810       0x88 StdPeriph_Driver/src/stm32f30x_syscfg.o

.debug_ranges   0x00000000      0xe68
 .debug_ranges  0x00000000       0x20 startup/startup_stm32f334x8.o
 .debug_ranges  0x00000020      0x2f0 src/boost.o
 .debug_ranges  0x00000310       0x40 src/main.o
 .debug_ranges  0x00000350       0x30 src/system_stm32f30x.o
 .debug_ranges  0x00000380       0x38 Utilities/stm32f3348_discovery.o
 .debug_ranges  0x000003b8      0x200 StdPeriph_Driver/src/stm32f30x_adc.o
 .debug_ranges  0x000005b8       0x48 StdPeriph_Driver/src/stm32f30x_exti.o
 .debug_ranges  0x00000600       0x70 StdPeriph_Driver/src/stm32f30x_gpio.o
 .debug_ranges  0x00000670      0x5e8 StdPeriph_Driver/src/stm32f30x_hrtim.o
 .debug_ranges  0x00000c58       0x30 StdPeriph_Driver/src/stm32f30x_misc.o
 .debug_ranges  0x00000c88      0x168 StdPeriph_Driver/src/stm32f30x_rcc.o
 .debug_ranges  0x00000df0       0x78 StdPeriph_Driver/src/stm32f30x_syscfg.o

.debug_loc      0x00000000     0x6fd6
 .debug_loc     0x00000000      0x245 src/boost.o
 .debug_loc     0x00000245       0x88 src/main.o
 .debug_loc     0x000002cd      0x109 src/system_stm32f30x.o
 .debug_loc     0x000003d6       0xa5 Utilities/stm32f3348_discovery.o
 .debug_loc     0x0000047b      0xcfa StdPeriph_Driver/src/stm32f30x_adc.o
 .debug_loc     0x00001175      0x297 StdPeriph_Driver/src/stm32f30x_exti.o
 .debug_loc     0x0000140c      0x379 StdPeriph_Driver/src/stm32f30x_gpio.o
 .debug_loc     0x00001785     0x465f StdPeriph_Driver/src/stm32f30x_hrtim.o
 .debug_loc     0x00005de4      0x17b StdPeriph_Driver/src/stm32f30x_misc.o
 .debug_loc     0x00005f5f      0xd95 StdPeriph_Driver/src/stm32f30x_rcc.o
 .debug_loc     0x00006cf4      0x2e2 StdPeriph_Driver/src/stm32f30x_syscfg.o

.debug_macro    0x00000000    0x1337c
 .debug_macro   0x00000000      0x23c src/boost.o
 .debug_macro   0x0000023c      0x898 src/boost.o
 .debug_macro   0x00000ad4       0x76 src/boost.o
 .debug_macro   0x00000b4a       0x3b src/boost.o
 .debug_macro   0x00000b85       0x22 src/boost.o
 .debug_macro   0x00000ba7       0x44 src/boost.o
 .debug_macro   0x00000beb       0x1c src/boost.o
 .debug_macro   0x00000c07      0x1f7 src/boost.o
 .debug_macro   0x00000dfe       0x2d src/boost.o
 .debug_macro   0x00000e2b       0x42 src/boost.o
 .debug_macro   0x00000e6d      0xd39 src/boost.o
 .debug_macro   0x00001ba6     0x9390 src/boost.o
 .debug_macro   0x0000af36      0x5a6 src/boost.o
 .debug_macro   0x0000b4dc      0x3cf src/boost.o
 .debug_macro   0x0000b8ab       0x46 src/boost.o
 .debug_macro   0x0000b8f1      0x277 src/boost.o
 .debug_macro   0x0000bb68      0x1b6 src/boost.o
 .debug_macro   0x0000bd1e       0x8e src/boost.o
 .debug_macro   0x0000bdac      0x3a8 src/boost.o
 .debug_macro   0x0000c154      0x114 src/boost.o
 .debug_macro   0x0000c268      0x1e4 src/boost.o
 .debug_macro   0x0000c44c      0x1bd src/boost.o
 .debug_macro   0x0000c609     0x13d6 src/boost.o
 .debug_macro   0x0000d9df      0x264 src/boost.o
 .debug_macro   0x0000dc43      0x29a src/boost.o
 .debug_macro   0x0000dedd       0x70 src/boost.o
 .debug_macro   0x0000df4d      0x10c src/boost.o
 .debug_macro   0x0000e059       0xb8 src/boost.o
 .debug_macro   0x0000e111      0x66e src/boost.o
 .debug_macro   0x0000e77f      0x551 src/boost.o
 .debug_macro   0x0000ecd0      0x3ab src/boost.o
 .debug_macro   0x0000f07b      0x8d8 src/boost.o
 .debug_macro   0x0000f953      0x364 src/boost.o
 .debug_macro   0x0000fcb7       0x34 src/boost.o
 .debug_macro   0x0000fceb       0x89 src/boost.o
 .debug_macro   0x0000fd74       0x35 src/boost.o
 .debug_macro   0x0000fda9       0x22 src/boost.o
 .debug_macro   0x0000fdcb       0x1c src/boost.o
 .debug_macro   0x0000fde7      0x1e9 src/main.o
 .debug_macro   0x0000ffd0       0x88 src/main.o
 .debug_macro   0x00010058      0x188 src/system_stm32f30x.o
 .debug_macro   0x000101e0      0x191 Utilities/stm32f3348_discovery.o
 .debug_macro   0x00010371       0x82 Utilities/stm32f3348_discovery.o
 .debug_macro   0x000103f3      0x1a8 StdPeriph_Driver/src/stm32f30x_adc.o
 .debug_macro   0x0001059b      0x3c9 StdPeriph_Driver/src/stm32f30x_adc.o
 .debug_macro   0x00010964      0x192 StdPeriph_Driver/src/stm32f30x_exti.o
 .debug_macro   0x00010af6      0x10e StdPeriph_Driver/src/stm32f30x_exti.o
 .debug_macro   0x00010c04      0x190 StdPeriph_Driver/src/stm32f30x_gpio.o
 .debug_macro   0x00010d94      0x1b7 StdPeriph_Driver/src/stm32f30x_gpio.o
 .debug_macro   0x00010f4b      0x1a1 StdPeriph_Driver/src/stm32f30x_hrtim.o
 .debug_macro   0x000110ec     0x13d0 StdPeriph_Driver/src/stm32f30x_hrtim.o
 .debug_macro   0x000124bc      0x192 StdPeriph_Driver/src/stm32f30x_misc.o
 .debug_macro   0x0001264e       0x83 StdPeriph_Driver/src/stm32f30x_misc.o
 .debug_macro   0x000126d1      0x229 StdPeriph_Driver/src/stm32f30x_rcc.o
 .debug_macro   0x000128fa      0x668 StdPeriph_Driver/src/stm32f30x_rcc.o
 .debug_macro   0x00012f62      0x1bc StdPeriph_Driver/src/stm32f30x_syscfg.o
 .debug_macro   0x0001311e      0x25e StdPeriph_Driver/src/stm32f30x_syscfg.o

.debug_str      0x00000000    0x736d2
 .debug_str     0x00000000    0x70491 src/boost.o
                              0x70660 (size before relaxing)
 .debug_str     0x00070491      0x4a8 src/main.o
                              0x6ff18 (size before relaxing)
 .debug_str     0x00070939      0x106 src/system_stm32f30x.o
                              0x6f69f (size before relaxing)
 .debug_str     0x00070a3f      0x2e5 Utilities/stm32f3348_discovery.o
                              0x6fff1 (size before relaxing)
 .debug_str     0x00070d24      0x777 StdPeriph_Driver/src/stm32f30x_adc.o
                              0x6ffc9 (size before relaxing)
 .debug_str     0x0007149b      0x114 StdPeriph_Driver/src/stm32f30x_exti.o
                              0x6f729 (size before relaxing)
 .debug_str     0x000715af      0x11f StdPeriph_Driver/src/stm32f30x_gpio.o
                              0x6f860 (size before relaxing)
 .debug_str     0x000716ce     0x1124 StdPeriph_Driver/src/stm32f30x_hrtim.o
                              0x70961 (size before relaxing)
 .debug_str     0x000727f2      0x115 StdPeriph_Driver/src/stm32f30x_misc.o
                              0x6f78c (size before relaxing)
 .debug_str     0x00072907      0x9eb StdPeriph_Driver/src/stm32f30x_rcc.o
                              0x70078 (size before relaxing)
 .debug_str     0x000732f2      0x3e0 StdPeriph_Driver/src/stm32f30x_syscfg.o
                              0x6f998 (size before relaxing)

.comment        0x00000000       0x70
 .comment       0x00000000       0x70 src/boost.o
                                 0x71 (size before relaxing)
 .comment       0x00000000       0x71 src/main.o
 .comment       0x00000000       0x71 src/system_stm32f30x.o
 .comment       0x00000000       0x71 Utilities/stm32f3348_discovery.o
 .comment       0x00000000       0x71 StdPeriph_Driver/src/stm32f30x_adc.o
 .comment       0x00000000       0x71 StdPeriph_Driver/src/stm32f30x_exti.o
 .comment       0x00000000       0x71 StdPeriph_Driver/src/stm32f30x_gpio.o
 .comment       0x00000000       0x71 StdPeriph_Driver/src/stm32f30x_hrtim.o
 .comment       0x00000000       0x71 StdPeriph_Driver/src/stm32f30x_misc.o
 .comment       0x00000000       0x71 StdPeriph_Driver/src/stm32f30x_rcc.o
 .comment       0x00000000       0x71 StdPeriph_Driver/src/stm32f30x_syscfg.o

.debug_frame    0x00000000     0x1494
 .debug_frame   0x00000000      0x194 src/boost.o
 .debug_frame   0x00000194       0x40 src/main.o
 .debug_frame   0x000001d4       0x44 src/system_stm32f30x.o
 .debug_frame   0x00000218       0xa0 Utilities/stm32f3348_discovery.o
 .debug_frame   0x000002b8      0x494 StdPeriph_Driver/src/stm32f30x_adc.o
 .debug_frame   0x0000074c       0xb8 StdPeriph_Driver/src/stm32f30x_exti.o
 .debug_frame   0x00000804      0x134 StdPeriph_Driver/src/stm32f30x_gpio.o
 .debug_frame   0x00000938      0x640 StdPeriph_Driver/src/stm32f30x_hrtim.o
 .debug_frame   0x00000f78       0x74 StdPeriph_Driver/src/stm32f30x_misc.o
 .debug_frame   0x00000fec      0x2a8 StdPeriph_Driver/src/stm32f30x_rcc.o
 .debug_frame   0x00001294       0xfc StdPeriph_Driver/src/stm32f30x_syscfg.o
 .debug_frame   0x00001390       0x2c c:/ac6/systemworkbench/plugins/fr.ac6.mcu.externaltools.arm-none.win32_1.2.0.201505291716/tools/compiler/bin/../lib/gcc/arm-none-eabi/4.9.3/../../../../arm-none-eabi/lib/armv7e-m/fpu\libc.a(lib_a-init.o)
 .debug_frame   0x000013bc       0x50 c:/ac6/systemworkbench/plugins/fr.ac6.mcu.externaltools.arm-none.win32_1.2.0.201505291716/tools/compiler/bin/../lib/gcc/arm-none-eabi/4.9.3/../../../../arm-none-eabi/lib/armv7e-m/fpu\libc.a(lib_a-__call_atexit.o)
 .debug_frame   0x0000140c       0x20 c:/ac6/systemworkbench/plugins/fr.ac6.mcu.externaltools.arm-none.win32_1.2.0.201505291716/tools/compiler/bin/../lib/gcc/arm-none-eabi/4.9.3/../../../../arm-none-eabi/lib/armv7e-m/fpu\libc.a(lib_a-atexit.o)
 .debug_frame   0x0000142c       0x34 c:/ac6/systemworkbench/plugins/fr.ac6.mcu.externaltools.arm-none.win32_1.2.0.201505291716/tools/compiler/bin/../lib/gcc/arm-none-eabi/4.9.3/../../../../arm-none-eabi/lib/armv7e-m/fpu\libc.a(lib_a-fini.o)
 .debug_frame   0x00001460       0x34 c:/ac6/systemworkbench/plugins/fr.ac6.mcu.externaltools.arm-none.win32_1.2.0.201505291716/tools/compiler/bin/../lib/gcc/arm-none-eabi/4.9.3/../../../../arm-none-eabi/lib/armv7e-m/fpu\libc.a(lib_a-__atexit.o)
