Archive member included because of file (symbol)

c:/ac6/systemworkbench/plugins/fr.ac6.mcu.externaltools.arm-none.win32_1.2.0.201505291716/tools/compiler/bin/../lib/gcc/arm-none-eabi/4.9.3/../../../../arm-none-eabi/lib/armv7e-m/fpu\libc.a(lib_a-exit.o)
                              c:/ac6/systemworkbench/plugins/fr.ac6.mcu.externaltools.arm-none.win32_1.2.0.201505291716/tools/compiler/bin/../lib/gcc/arm-none-eabi/4.9.3/../../../../arm-none-eabi/lib/armv7e-m/fpu/crt0.o (exit)
c:/ac6/systemworkbench/plugins/fr.ac6.mcu.externaltools.arm-none.win32_1.2.0.201505291716/tools/compiler/bin/../lib/gcc/arm-none-eabi/4.9.3/../../../../arm-none-eabi/lib/armv7e-m/fpu\libc.a(lib_a-impure.o)
                              c:/ac6/systemworkbench/plugins/fr.ac6.mcu.externaltools.arm-none.win32_1.2.0.201505291716/tools/compiler/bin/../lib/gcc/arm-none-eabi/4.9.3/../../../../arm-none-eabi/lib/armv7e-m/fpu\libc.a(lib_a-exit.o) (_global_impure_ptr)
c:/ac6/systemworkbench/plugins/fr.ac6.mcu.externaltools.arm-none.win32_1.2.0.201505291716/tools/compiler/bin/../lib/gcc/arm-none-eabi/4.9.3/../../../../arm-none-eabi/lib/armv7e-m/fpu\libc.a(lib_a-init.o)
                              c:/ac6/systemworkbench/plugins/fr.ac6.mcu.externaltools.arm-none.win32_1.2.0.201505291716/tools/compiler/bin/../lib/gcc/arm-none-eabi/4.9.3/../../../../arm-none-eabi/lib/armv7e-m/fpu/crt0.o (__libc_init_array)
c:/ac6/systemworkbench/plugins/fr.ac6.mcu.externaltools.arm-none.win32_1.2.0.201505291716/tools/compiler/bin/../lib/gcc/arm-none-eabi/4.9.3/../../../../arm-none-eabi/lib/armv7e-m/fpu\libc.a(lib_a-memset.o)
                              c:/ac6/systemworkbench/plugins/fr.ac6.mcu.externaltools.arm-none.win32_1.2.0.201505291716/tools/compiler/bin/../lib/gcc/arm-none-eabi/4.9.3/../../../../arm-none-eabi/lib/armv7e-m/fpu/crt0.o (memset)
c:/ac6/systemworkbench/plugins/fr.ac6.mcu.externaltools.arm-none.win32_1.2.0.201505291716/tools/compiler/bin/../lib/gcc/arm-none-eabi/4.9.3/../../../../arm-none-eabi/lib/armv7e-m/fpu\libc.a(lib_a-__call_atexit.o)
                              c:/ac6/systemworkbench/plugins/fr.ac6.mcu.externaltools.arm-none.win32_1.2.0.201505291716/tools/compiler/bin/../lib/gcc/arm-none-eabi/4.9.3/../../../../arm-none-eabi/lib/armv7e-m/fpu\libc.a(lib_a-exit.o) (__call_exitprocs)
c:/ac6/systemworkbench/plugins/fr.ac6.mcu.externaltools.arm-none.win32_1.2.0.201505291716/tools/compiler/bin/../lib/gcc/arm-none-eabi/4.9.3/../../../../arm-none-eabi/lib/armv7e-m/fpu\libc.a(lib_a-atexit.o)
                              c:/ac6/systemworkbench/plugins/fr.ac6.mcu.externaltools.arm-none.win32_1.2.0.201505291716/tools/compiler/bin/../lib/gcc/arm-none-eabi/4.9.3/../../../../arm-none-eabi/lib/armv7e-m/fpu\libc.a(lib_a-__call_atexit.o) (atexit)
c:/ac6/systemworkbench/plugins/fr.ac6.mcu.externaltools.arm-none.win32_1.2.0.201505291716/tools/compiler/bin/../lib/gcc/arm-none-eabi/4.9.3/../../../../arm-none-eabi/lib/armv7e-m/fpu\libc.a(lib_a-fini.o)
                              c:/ac6/systemworkbench/plugins/fr.ac6.mcu.externaltools.arm-none.win32_1.2.0.201505291716/tools/compiler/bin/../lib/gcc/arm-none-eabi/4.9.3/../../../../arm-none-eabi/lib/armv7e-m/fpu\libc.a(lib_a-__call_atexit.o) (__libc_fini_array)
c:/ac6/systemworkbench/plugins/fr.ac6.mcu.externaltools.arm-none.win32_1.2.0.201505291716/tools/compiler/bin/../lib/gcc/arm-none-eabi/4.9.3/../../../../arm-none-eabi/lib/armv7e-m/fpu\libc.a(lib_a-__atexit.o)
                              c:/ac6/systemworkbench/plugins/fr.ac6.mcu.externaltools.arm-none.win32_1.2.0.201505291716/tools/compiler/bin/../lib/gcc/arm-none-eabi/4.9.3/../../../../arm-none-eabi/lib/armv7e-m/fpu\libc.a(lib_a-atexit.o) (__register_exitproc)

Allocating common symbols
Common symbol       size              file

loopwork            0x20              src/boost.o

Discarded input sections

 .text          0x00000000        0x0 c:/ac6/systemworkbench/plugins/fr.ac6.mcu.externaltools.arm-none.win32_1.2.0.201505291716/tools/compiler/bin/../lib/gcc/arm-none-eabi/4.9.3/armv7e-m/fpu/crti.o
 .data          0x00000000        0x0 c:/ac6/systemworkbench/plugins/fr.ac6.mcu.externaltools.arm-none.win32_1.2.0.201505291716/tools/compiler/bin/../lib/gcc/arm-none-eabi/4.9.3/armv7e-m/fpu/crti.o
 .bss           0x00000000        0x0 c:/ac6/systemworkbench/plugins/fr.ac6.mcu.externaltools.arm-none.win32_1.2.0.201505291716/tools/compiler/bin/../lib/gcc/arm-none-eabi/4.9.3/armv7e-m/fpu/crti.o
 .data          0x00000000        0x4 c:/ac6/systemworkbench/plugins/fr.ac6.mcu.externaltools.arm-none.win32_1.2.0.201505291716/tools/compiler/bin/../lib/gcc/arm-none-eabi/4.9.3/armv7e-m/fpu/crtbegin.o
 .text          0x00000000       0x74 c:/ac6/systemworkbench/plugins/fr.ac6.mcu.externaltools.arm-none.win32_1.2.0.201505291716/tools/compiler/bin/../lib/gcc/arm-none-eabi/4.9.3/../../../../arm-none-eabi/lib/armv7e-m/fpu/crt0.o
[...]
Memory Configuration

Name             Origin             Length             Attributes
FLASH            0x08000000         0x00010000         xr
RAM              0x20000000         0x00003000         xrw
MEMORY_B1        0x60000000         0x00000000         xr
CCMRAM           0x10000000         0x00002000         rw
*default*        0x00000000         0xffffffff

Linker script and memory map

LOAD c:/ac6/systemworkbench/plugins/fr.ac6.mcu.externaltools.arm-none.win32_1.2.0.201505291716/tools/compiler/bin/../lib/gcc/arm-none-eabi/4.9.3/armv7e-m/fpu/crti.o
LOAD c:/ac6/systemworkbench/plugins/fr.ac6.mcu.externaltools.arm-none.win32_1.2.0.201505291716/tools/compiler/bin/../lib/gcc/arm-none-eabi/4.9.3/armv7e-m/fpu/crtbegin.o
LOAD c:/ac6/systemworkbench/plugins/fr.ac6.mcu.externaltools.arm-none.win32_1.2.0.201505291716/tools/compiler/bin/../lib/gcc/arm-none-eabi/4.9.3/../../../../arm-none-eabi/lib/armv7e-m/fpu/crt0.o
LOAD c:/ac6/systemworkbench/plugins/fr.ac6.mcu.externaltools.arm-none.win32_1.2.0.201505291716/tools/compiler/bin/../lib/gcc/arm-none-eabi/4.9.3/../../../../arm-none-eabi/lib/armv7e-m/fpu\libm.a
LOAD startup/startup_stm32f334x8.o
LOAD src/boost.o
LOAD src/dpl.o
LOAD src/main.o
LOAD src/system_stm32f30x.o
LOAD Utilities/stm32f3348_discovery.o
LOAD StdPeriph_Driver/src/stm32f30x_adc.o
LOAD StdPeriph_Driver/src/stm32f30x_can.o
LOAD StdPeriph_Driver/src/stm32f30x_comp.o
LOAD StdPeriph_Driver/src/stm32f30x_crc.o
LOAD StdPeriph_Driver/src/stm32f30x_dac.o
LOAD StdPeriph_Driver/src/stm32f30x_dbgmcu.o
LOAD StdPeriph_Driver/src/stm32f30x_dma.o
LOAD StdPeriph_Driver/src/stm32f30x_exti.o
LOAD StdPeriph_Driver/src/stm32f30x_flash.o
LOAD StdPeriph_Driver/src/stm32f30x_gpio.o
LOAD StdPeriph_Driver/src/stm32f30x_hrtim.o
LOAD StdPeriph_Driver/src/stm32f30x_i2c.o
LOAD StdPeriph_Driver/src/stm32f30x_iwdg.o
LOAD StdPeriph_Driver/src/stm32f30x_misc.o
LOAD StdPeriph_Driver/src/stm32f30x_opamp.o
LOAD StdPeriph_Driver/src/stm32f30x_pwr.o
LOAD StdPeriph_Driver/src/stm32f30x_rcc.o
LOAD StdPeriph_Driver/src/stm32f30x_rtc.o
LOAD StdPeriph_Driver/src/stm32f30x_spi.o
LOAD StdPeriph_Driver/src/stm32f30x_syscfg.o
LOAD StdPeriph_Driver/src/stm32f30x_tim.o
LOAD StdPeriph_Driver/src/stm32f30x_usart.o
LOAD StdPeriph_Driver/src/stm32f30x_wwdg.o
START GROUP
LOAD c:/ac6/systemworkbench/plugins/fr.ac6.mcu.externaltools.arm-none.win32_1.2.0.201505291716/tools/compiler/bin/../lib/gcc/arm-none-eabi/4.9.3/armv7e-m/fpu\libgcc.a
LOAD c:/ac6/systemworkbench/plugins/fr.ac6.mcu.externaltools.arm-none.win32_1.2.0.201505291716/tools/compiler/bin/../lib/gcc/arm-none-eabi/4.9.3/../../../../arm-none-eabi/lib/armv7e-m/fpu\libc.a
END GROUP
LOAD c:/ac6/systemworkbench/plugins/fr.ac6.mcu.externaltools.arm-none.win32_1.2.0.201505291716/tools/compiler/bin/../lib/gcc/arm-none-eabi/4.9.3/armv7e-m/fpu/crtend.o
LOAD c:/ac6/systemworkbench/plugins/fr.ac6.mcu.externaltools.arm-none.win32_1.2.0.201505291716/tools/compiler/bin/../lib/gcc/arm-none-eabi/4.9.3/armv7e-m/fpu/crtn.o
                0x20003000                _estack = 0x20003000
                0x00000200                _Min_Heap_Size = 0x200
                0x00000400                _Min_Stack_Size = 0x400

.isr_vector     0x08000000      0x188
                0x08000000                . = ALIGN (0x4)
 *(.isr_vector)
 .isr_vector    0x08000000      0x188 startup/startup_stm32f334x8.o
                0x08000000                g_pfnVectors
                0x08000188                . = ALIGN (0x4)

.text           0x08000188     0x19d8
                0x08000188                . = ALIGN (0x4)
 *(.text)
 .text          0x08000188       0x5c c:/ac6/systemworkbench/plugins/fr.ac6.mcu.externaltools.arm-none.win32_1.2.0.201505291716/tools/compiler/bin/../lib/gcc/arm-none-eabi/4.9.3/armv7e-m/fpu/crtbegin.o
 .text          0x080001e4       0x58 src/dpl.o
                0x080001e4                DigitalPowerLoopFunc
 *(.text*)
 .text.Reset_Handler
                0x0800023c       0x50 startup/startup_stm32f334x8.o
                0x0800023c                Reset_Handler
 .text.Default_Handler
                0x0800028c        0x2 startup/startup_stm32f334x8.o
                0x0800028c                RTC_Alarm_IRQHandler
                0x0800028c                HRTIM1_Master_IRQHandler
                0x0800028c                DebugMon_Handler
                0x0800028c                TIM1_CC_IRQHandler
                0x0800028c                HardFault_Handler
                0x0800028c                HRTIM1_FLT_IRQHandler
                0x0800028c                PVD_IRQHandler
                0x0800028c                HRTIM1_TIMD_IRQHandler
                0x0800028c                PendSV_Handler
                0x0800028c                NMI_Handler
                0x0800028c                EXTI3_IRQHandler
                0x0800028c                EXTI0_IRQHandler
                0x0800028c                CAN1_RX0_IRQHandler
                0x0800028c                FPU_IRQHandler
                0x0800028c                EXTI2_TS_IRQHandler
                0x0800028c                TIM1_UP_TIM16_IRQHandler
                0x0800028c                UsageFault_Handler
                0x0800028c                HRTIM1_TIME_IRQHandler
                0x0800028c                SPI1_IRQHandler
                0x0800028c                HRTIM1_TIMC_IRQHandler
                0x0800028c                DMA1_Channel4_IRQHandler
                0x0800028c                USART3_IRQHandler
                0x0800028c                DMA1_Channel7_IRQHandler
                0x0800028c                TIM7_DAC2_IRQHandler
                0x0800028c                CAN1_RX1_IRQHandler
                0x0800028c                I2C1_EV_IRQHandler
                0x0800028c                DMA1_Channel6_IRQHandler
                0x0800028c                TIM3_IRQHandler
                0x0800028c                RCC_IRQHandler
                0x0800028c                DMA1_Channel1_IRQHandler
                0x0800028c                Default_Handler
                0x0800028c                EXTI15_10_IRQHandler
                0x0800028c                COMP2_IRQHandler
                0x0800028c                HRTIM1_TIMA_IRQHandler
                0x0800028c                TIM6_DAC1_IRQHandler
                0x0800028c                EXTI9_5_IRQHandler
                0x0800028c                TAMPER_STAMP_IRQHandler
                0x0800028c                RTC_WKUP_IRQHandler
                0x0800028c                MemManage_Handler
                0x0800028c                CAN1_TX_IRQHandler
                0x0800028c                SVC_Handler
                0x0800028c                DMA1_Channel5_IRQHandler
                0x0800028c                EXTI4_IRQHandler
                0x0800028c                TIM1_TRG_COM_TIM17_IRQHandler
                0x0800028c                DMA1_Channel3_IRQHandler
                0x0800028c                WWDG_IRQHandler
                0x0800028c                TIM2_IRQHandler
                0x0800028c                EXTI1_IRQHandler
                0x0800028c                COMP4_6_IRQHandler
                0x0800028c                USART2_IRQHandler
                0x0800028c                DMA1_Channel2_IRQHandler
                0x0800028c                CAN1_SCE_IRQHandler
                0x0800028c                FLASH_IRQHandler
                0x0800028c                BusFault_Handler
                0x0800028c                USART1_IRQHandler
                0x0800028c                I2C1_ER_IRQHandler
                0x0800028c                TIM1_BRK_TIM15_IRQHandler
 *fill*         0x0800028e        0x2 
 .text.NVIC_EnableIRQ
                0x08000290       0x30 src/boost.o
 .text.NVIC_DisableIRQ
                0x080002c0       0x34 src/boost.o
 .text.NVIC_SetPriority
                0x080002f4       0x54 src/boost.o
 .text.Boost_HW_SetAnalog
                0x08000348       0xe4 src/boost.o
                0x08000348                Boost_HW_SetAnalog
 .text.Boost_HW_SetPwm
                0x0800042c      0x12c src/boost.o
                0x0800042c                Boost_HW_SetPwm
 .text.Boost_HW_SetInterrupts
                0x08000558       0x30 src/boost.o
                0x08000558                Boost_HW_SetInterrupts
 .text.Boost_HW_SetDutyCicle
                0x08000588       0x20 src/boost.o
                0x08000588                Boost_HW_SetDutyCicle
 .text.BoostError
                0x080005a8       0x24 src/boost.o
                0x080005a8                BoostError
 .text.DigitalPowerLoopSetCoef
                0x080005cc       0x94 src/boost.o
                0x080005cc                DigitalPowerLoopSetCoef
 .text.DigitalPowerSaturate
                0x08000660       0xc4 src/boost.o
                0x08000660                DigitalPowerSaturate
 .text.HRTIM1_TIMB_IRQHandler
                0x08000724       0xb4 src/boost.o
                0x08000724                HRTIM1_TIMB_IRQHandler
 .text.ADC1_2_IRQHandler
                0x080007d8       0x38 src/boost.o
                0x080007d8                ADC1_2_IRQHandler
 .text.BoostInit
                0x08000810       0xb8 src/boost.o
                0x08000810                BoostInit
 .text.BoostStart
                0x080008c8       0x90 src/boost.o
                0x080008c8                BoostStart
 .text.BoostVoltageChange
                0x08000958       0x60 src/boost.o
                0x08000958                BoostVoltageChange
 .text.BoostHalt
                0x080009b8       0x54 src/boost.o
                0x080009b8                BoostHalt
 .text.InitUserAdc
                0x08000a0c       0xac src/main.o
 .text.GetUserAdc
                0x08000ab8       0x48 src/main.o
 .text.main     0x08000b00       0xa0 src/main.o
                0x08000b00                main
 .text.SysTick_Handler
                0x08000ba0       0x1c src/main.o
                0x08000ba0                SysTick_Handler
 .text.SystemInit
                0x08000bbc       0x90 src/system_stm32f30x.o
                0x08000bbc                SystemInit
 .text.SetSysClock
                0x08000c4c       0xe0 src/system_stm32f30x.o
 .text.STM_EVAL_PBInit
                0x08000d2c       0x94 Utilities/stm32f3348_discovery.o
                0x08000d2c                STM_EVAL_PBInit
 .text.ADC_DeInit
                0x08000dc0       0x64 StdPeriph_Driver/src/stm32f30x_adc.o
                0x08000dc0                ADC_DeInit
 .text.ADC_Init
                0x08000e24       0x80 StdPeriph_Driver/src/stm32f30x_adc.o
                0x08000e24                ADC_Init
 .text.ADC_StructInit
                0x08000ea4       0x44 StdPeriph_Driver/src/stm32f30x_adc.o
                0x08000ea4                ADC_StructInit
 .text.ADC_CommonInit
                0x08000ee8       0x9c StdPeriph_Driver/src/stm32f30x_adc.o
                0x08000ee8                ADC_CommonInit
 .text.ADC_CommonStructInit
                0x08000f84       0x30 StdPeriph_Driver/src/stm32f30x_adc.o
                0x08000f84                ADC_CommonStructInit
 .text.ADC_Cmd  0x08000fb4       0x38 StdPeriph_Driver/src/stm32f30x_adc.o
                0x08000fb4                ADC_Cmd
 .text.ADC_VoltageRegulatorCmd
                0x08000fec       0x44 StdPeriph_Driver/src/stm32f30x_adc.o
                0x08000fec                ADC_VoltageRegulatorCmd
 .text.ADC_RegularChannelConfig
                0x08001030      0x1f0 StdPeriph_Driver/src/stm32f30x_adc.o
                0x08001030                ADC_RegularChannelConfig
 .text.ADC_RegularChannelSequencerLengthConfig
                0x08001220       0x30 StdPeriph_Driver/src/stm32f30x_adc.o
                0x08001220                ADC_RegularChannelSequencerLengthConfig
 .text.ADC_StartConversion
                0x08001250       0x20 StdPeriph_Driver/src/stm32f30x_adc.o
                0x08001250                ADC_StartConversion
 .text.ADC_GetStartConversionStatus
                0x08001270       0x30 StdPeriph_Driver/src/stm32f30x_adc.o
                0x08001270                ADC_GetStartConversionStatus
 .text.ADC_GetConversionValue
                0x080012a0       0x1c StdPeriph_Driver/src/stm32f30x_adc.o
                0x080012a0                ADC_GetConversionValue
 .text.ADC_ITConfig
                0x080012bc       0x3c StdPeriph_Driver/src/stm32f30x_adc.o
                0x080012bc                ADC_ITConfig
 .text.ADC_ClearITPendingBit
                0x080012f8       0x1c StdPeriph_Driver/src/stm32f30x_adc.o
                0x080012f8                ADC_ClearITPendingBit
 .text.EXTI_Init
                0x08001314      0x1f4 StdPeriph_Driver/src/stm32f30x_exti.o
                0x08001314                EXTI_Init
 .text.GPIO_Init
                0x08001508      0x130 StdPeriph_Driver/src/stm32f30x_gpio.o
                0x08001508                GPIO_Init
 .text.GPIO_SetBits
                0x08001638       0x1c StdPeriph_Driver/src/stm32f30x_gpio.o
                0x08001638                GPIO_SetBits
 .text.GPIO_ResetBits
                0x08001654       0x1c StdPeriph_Driver/src/stm32f30x_gpio.o
                0x08001654                GPIO_ResetBits
 .text.GPIO_PinAFConfig
                0x08001670       0x90 StdPeriph_Driver/src/stm32f30x_gpio.o
                0x08001670                GPIO_PinAFConfig
 .text.HRTIM_ITConfig
                0x08001700       0x8c StdPeriph_Driver/src/stm32f30x_hrtim.o
                0x08001700                HRTIM_ITConfig
 .text.HRTIM_ClearITPendingBit
                0x0800178c       0x50 StdPeriph_Driver/src/stm32f30x_hrtim.o
                0x0800178c                HRTIM_ClearITPendingBit
 .text.NVIC_Init
                0x080017dc       0xc4 StdPeriph_Driver/src/stm32f30x_misc.o
                0x080017dc                NVIC_Init
 .text.RCC_HRTIM1CLKConfig
                0x080018a0       0x30 StdPeriph_Driver/src/stm32f30x_rcc.o
                0x080018a0                RCC_HRTIM1CLKConfig
 .text.RCC_AHBPeriphClockCmd
                0x080018d0       0x3c StdPeriph_Driver/src/stm32f30x_rcc.o
                0x080018d0                RCC_AHBPeriphClockCmd
 .text.RCC_APB2PeriphClockCmd
                0x0800190c       0x3c StdPeriph_Driver/src/stm32f30x_rcc.o
                0x0800190c                RCC_APB2PeriphClockCmd
 .text.RCC_AHBPeriphResetCmd
                0x08001948       0x3c StdPeriph_Driver/src/stm32f30x_rcc.o
                0x08001948                RCC_AHBPeriphResetCmd
 .text.SYSCFG_EXTILineConfig
                0x08001984       0x84 StdPeriph_Driver/src/stm32f30x_syscfg.o
                0x08001984                SYSCFG_EXTILineConfig
 .text.__libc_init_array
                0x08001a08       0x50 c:/ac6/systemworkbench/plugins/fr.ac6.mcu.externaltools.arm-none.win32_1.2.0.201505291716/tools/compiler/bin/../lib/gcc/arm-none-eabi/4.9.3/../../../../arm-none-eabi/lib/armv7e-m/fpu\libc.a(lib_a-init.o)
                0x08001a08                __libc_init_array
 .text.startup.register_fini
                0x08001a58       0x14 c:/ac6/systemworkbench/plugins/fr.ac6.mcu.externaltools.arm-none.win32_1.2.0.201505291716/tools/compiler/bin/../lib/gcc/arm-none-eabi/4.9.3/../../../../arm-none-eabi/lib/armv7e-m/fpu\libc.a(lib_a-__call_atexit.o)
 .text.atexit   0x08001a6c        0xc c:/ac6/systemworkbench/plugins/fr.ac6.mcu.externaltools.arm-none.win32_1.2.0.201505291716/tools/compiler/bin/../lib/gcc/arm-none-eabi/4.9.3/../../../../arm-none-eabi/lib/armv7e-m/fpu\libc.a(lib_a-atexit.o)
                0x08001a6c                atexit
 .text.__libc_fini_array
                0x08001a78       0x2c c:/ac6/systemworkbench/plugins/fr.ac6.mcu.externaltools.arm-none.win32_1.2.0.201505291716/tools/compiler/bin/../lib/gcc/arm-none-eabi/4.9.3/../../../../arm-none-eabi/lib/armv7e-m/fpu\libc.a(lib_a-fini.o)
                0x08001a78                __libc_fini_array
 .text.__register_exitproc
                0x08001aa4       0xa4 c:/ac6/systemworkbench/plugins/fr.ac6.mcu.externaltools.arm-none.win32_1.2.0.201505291716/tools/compiler/bin/../lib/gcc/arm-none-eabi/4.9.3/../../../../arm-none-eabi/lib/armv7e-m/fpu\libc.a(lib_a-__atexit.o)
                0x08001aa4                __register_exitproc
 *(.glue_7)
 .glue_7        0x00000000        0x0 linker stubs
 *(.glue_7t)
 .glue_7t       0x00000000        0x0 linker stubs
 *(.eh_frame)
 .eh_frame      0x08001b48        0x0 c:/ac6/systemworkbench/plugins/fr.ac6.mcu.externaltools.arm-none.win32_1.2.0.201505291716/tools/compiler/bin/../lib/gcc/arm-none-eabi/4.9.3/armv7e-m/fpu/crtbegin.o
 *(.init)
 .init          0x08001b48        0x4 c:/ac6/systemworkbench/plugins/fr.ac6.mcu.externaltools.arm-none.win32_1.2.0.201505291716/tools/compiler/bin/../lib/gcc/arm-none-eabi/4.9.3/armv7e-m/fpu/crti.o
                0x08001b48                _init
 .init          0x08001b4c        0x8 c:/ac6/systemworkbench/plugins/fr.ac6.mcu.externaltools.arm-none.win32_1.2.0.201505291716/tools/compiler/bin/../lib/gcc/arm-none-eabi/4.9.3/armv7e-m/fpu/crtn.o
 *(.fini)
 .fini          0x08001b54        0x4 c:/ac6/systemworkbench/plugins/fr.ac6.mcu.externaltools.arm-none.win32_1.2.0.201505291716/tools/compiler/bin/../lib/gcc/arm-none-eabi/4.9.3/armv7e-m/fpu/crti.o
                0x08001b54                _fini
 .fini          0x08001b58        0x8 c:/ac6/systemworkbench/plugins/fr.ac6.mcu.externaltools.arm-none.win32_1.2.0.201505291716/tools/compiler/bin/../lib/gcc/arm-none-eabi/4.9.3/armv7e-m/fpu/crtn.o
                0x08001b60                . = ALIGN (0x4)
                0x08001b60                _etext = .

.vfp11_veneer   0x08001b60        0x0
 .vfp11_veneer  0x00000000        0x0 linker stubs

.v4_bx          0x08001b60        0x0
 .v4_bx         0x00000000        0x0 linker stubs

.iplt           0x08001b60        0x0
 .iplt          0x00000000        0x0 c:/ac6/systemworkbench/plugins/fr.ac6.mcu.externaltools.arm-none.win32_1.2.0.201505291716/tools/compiler/bin/../lib/gcc/arm-none-eabi/4.9.3/armv7e-m/fpu/crtbegin.o

.rodata         0x08001b60        0x8
                0x08001b60                . = ALIGN (0x4)
 *(.rodata)
 *(.rodata*)
 .rodata.str1.4
                0x08001b60        0x4 c:/ac6/systemworkbench/plugins/fr.ac6.mcu.externaltools.arm-none.win32_1.2.0.201505291716/tools/compiler/bin/../lib/gcc/arm-none-eabi/4.9.3/../../../../arm-none-eabi/lib/armv7e-m/fpu\libc.a(lib_a-impure.o)
 .rodata._global_impure_ptr
                0x08001b64        0x4 c:/ac6/systemworkbench/plugins/fr.ac6.mcu.externaltools.arm-none.win32_1.2.0.201505291716/tools/compiler/bin/../lib/gcc/arm-none-eabi/4.9.3/../../../../arm-none-eabi/lib/armv7e-m/fpu\libc.a(lib_a-impure.o)
                0x08001b64                _global_impure_ptr
                0x08001b68                . = ALIGN (0x4)

.rel.dyn        0x08001b68        0x0
 .rel.iplt      0x00000000        0x0 c:/ac6/systemworkbench/plugins/fr.ac6.mcu.externaltools.arm-none.win32_1.2.0.201505291716/tools/compiler/bin/../lib/gcc/arm-none-eabi/4.9.3/armv7e-m/fpu/crtbegin.o

.ARM.extab
 *(.ARM.extab* .gnu.linkonce.armextab.*)

.ARM            0x08001b68        0x0
                0x08001b68                __exidx_start = .
 *(.ARM.exidx*)
                0x08001b68                __exidx_end = .

.preinit_array  0x08001b68        0x0
                0x08001b68                PROVIDE (__preinit_array_start, .)
 *(.preinit_array*)
                0x08001b68                PROVIDE (__preinit_array_end, .)

.init_array     0x08001b68        0x8
                0x08001b68                PROVIDE (__init_array_start, .)
 *(SORT(.init_array.*))
 .init_array.00000
                0x08001b68        0x4 c:/ac6/systemworkbench/plugins/fr.ac6.mcu.externaltools.arm-none.win32_1.2.0.201505291716/tools/compiler/bin/../lib/gcc/arm-none-eabi/4.9.3/../../../../arm-none-eabi/lib/armv7e-m/fpu\libc.a(lib_a-__call_atexit.o)
 *(.init_array*)
 .init_array    0x08001b6c        0x4 c:/ac6/systemworkbench/plugins/fr.ac6.mcu.externaltools.arm-none.win32_1.2.0.201505291716/tools/compiler/bin/../lib/gcc/arm-none-eabi/4.9.3/armv7e-m/fpu/crtbegin.o
                0x08001b70                PROVIDE (__init_array_end, .)

.fini_array     0x08001b70        0x4
                0x08001b70                PROVIDE (__fini_array_start, .)
 *(SORT(.fini_array.*))
 *(.fini_array*)
 .fini_array    0x08001b70        0x4 c:/ac6/systemworkbench/plugins/fr.ac6.mcu.externaltools.arm-none.win32_1.2.0.201505291716/tools/compiler/bin/../lib/gcc/arm-none-eabi/4.9.3/armv7e-m/fpu/crtbegin.o
                0x08001b74                PROVIDE (__fini_array_end, .)
                0x08001b74                _sidata = LOADADDR (.data)

.data           0x20000000      0x458 load address 0x08001b74
                0x20000000                . = ALIGN (0x4)
                0x20000000                _sdata = .
 *(.data)
 .data          0x20000000        0x4 src/boost.o
 .data          0x20000004       0x14 src/system_stm32f30x.o
                0x20000004                SystemCoreClock
                0x20000008                AHBPrescTable
 .data          0x20000018       0x14 Utilities/stm32f3348_discovery.o
                0x20000018                GPIO_PORT
                0x20000028                BUTTON_PORT
 *(.data*)
 *fill*         0x2000002c        0x4 
 .data.impure_data
                0x20000030      0x428 c:/ac6/systemworkbench/plugins/fr.ac6.mcu.externaltools.arm-none.win32_1.2.0.201505291716/tools/compiler/bin/../lib/gcc/arm-none-eabi/4.9.3/../../../../arm-none-eabi/lib/armv7e-m/fpu\libc.a(lib_a-impure.o)
                0x20000458                . = ALIGN (0x4)
                0x20000458                _edata = .
                0x08001fcc                _siccmram = LOADADDR (.ccmram)

.jcr            0x20000458        0x0 load address 0x08001fcc
 .jcr           0x20000458        0x0 c:/ac6/systemworkbench/plugins/fr.ac6.mcu.externaltools.arm-none.win32_1.2.0.201505291716/tools/compiler/bin/../lib/gcc/arm-none-eabi/4.9.3/armv7e-m/fpu/crtbegin.o

.igot.plt       0x20000458        0x0 load address 0x08001fcc
 .igot.plt      0x00000000        0x0 c:/ac6/systemworkbench/plugins/fr.ac6.mcu.externaltools.arm-none.win32_1.2.0.201505291716/tools/compiler/bin/../lib/gcc/arm-none-eabi/4.9.3/armv7e-m/fpu/crtbegin.o

.ccmram         0x10000000        0x0 load address 0x08001fcc
                0x10000000                . = ALIGN (0x4)
                0x10000000                _sccmram = .
 *(.ccmram)
 *(.ccmram*)
                0x10000000                . = ALIGN (0x4)
                0x10000000                _eccmram = .
                0x10000000                . = ALIGN (0x4)

.bss            0x20000458       0x78
                0x20000458                _sbss = .
                0x20000458                __bss_start__ = _sbss
 *(.bss)
 .bss           0x20000458       0x1c c:/ac6/systemworkbench/plugins/fr.ac6.mcu.externaltools.arm-none.win32_1.2.0.201505291716/tools/compiler/bin/../lib/gcc/arm-none-eabi/4.9.3/armv7e-m/fpu/crtbegin.o
 .bss           0x20000474       0x34 src/boost.o
                0x20000490                kp
                0x20000494                ki
                0x20000498                kd
                0x2000049c                integrator
                0x200004a0                prevError
                0x200004a4                output
 .bss           0x200004a8        0x8 src/main.o
                0x200004a8                tickCounter
                0x200004ac                dimmingMchn
 *(.bss*)
 *(COMMON)
 COMMON         0x200004b0       0x20 src/boost.o
                0x200004b0                loopwork
                0x200004d0                . = ALIGN (0x4)
                0x200004d0                _ebss = .
                0x200004d0                __bss_end__ = _ebss

._user_heap_stack
                0x200004d0      0x600
                0x200004d0                . = ALIGN (0x4)
                0x200004d0                PROVIDE (end, .)
                0x200004d0                PROVIDE (_end, .)
                0x200006d0                . = (. + _Min_Heap_Size)
 *fill*         0x200004d0      0x200 
                0x20000ad0                . = (. + _Min_Stack_Size)
 *fill*         0x200006d0      0x400 
                0x20000ad0                . = ALIGN (0x4)

.memory_b1_text
 *(.mb1text)
 *(.mb1text*)
 *(.mb1rodata)
 *(.mb1rodata*)

/DISCARD/
 libc.a(*)
 libm.a(*)
 libgcc.a(*)

.ARM.attributes
                0x00000000       0x30
 *(.ARM.attributes)
 .ARM.attributes
                0x00000000       0x22 c:/ac6/systemworkbench/plugins/fr.ac6.mcu.externaltools.arm-none.win32_1.2.0.201505291716/tools/compiler/bin/../lib/gcc/arm-none-eabi/4.9.3/armv7e-m/fpu/crti.o
 .ARM.attributes
                0x00000022       0x34 c:/ac6/systemworkbench/plugins/fr.ac6.mcu.externaltools.arm-none.win32_1.2.0.201505291716/tools/compiler/bin/../lib/gcc/arm-none-eabi/4.9.3/armv7e-m/fpu/crtbegin.o
 .ARM.attributes
                0x00000056       0x21 startup/startup_stm32f334x8.o
 .ARM.attributes
                0x00000077       0x39 src/boost.o
 .ARM.attributes
                0x000000b0       0x25 src/dpl.o
 .ARM.attributes
                0x000000d5       0x39 src/main.o
 .ARM.attributes
                0x0000010e       0x39 src/system_stm32f30x.o
 .ARM.attributes
                0x00000147       0x39 Utilities/stm32f3348_discovery.o
 .ARM.attributes
                0x00000180       0x39 StdPeriph_Driver/src/stm32f30x_adc.o
 .ARM.attributes
                0x000001b9       0x39 StdPeriph_Driver/src/stm32f30x_exti.o
 .ARM.attributes
                0x000001f2       0x39 StdPeriph_Driver/src/stm32f30x_gpio.o
 .ARM.attributes
                0x0000022b       0x39 StdPeriph_Driver/src/stm32f30x_hrtim.o
 .ARM.attributes
                0x00000264       0x39 StdPeriph_Driver/src/stm32f30x_misc.o
 .ARM.attributes
                0x0000029d       0x39 StdPeriph_Driver/src/stm32f30x_rcc.o
 .ARM.attributes
                0x000002d6       0x39 StdPeriph_Driver/src/stm32f30x_syscfg.o
 .ARM.attributes
                0x0000030f       0x34 c:/ac6/systemworkbench/plugins/fr.ac6.mcu.externaltools.arm-none.win32_1.2.0.201505291716/tools/compiler/bin/../lib/gcc/arm-none-eabi/4.9.3/../../../../arm-none-eabi/lib/armv7e-m/fpu\libc.a(lib_a-impure.o)
 .ARM.attributes
                0x00000343       0x34 c:/ac6/systemworkbench/plugins/fr.ac6.mcu.externaltools.arm-none.win32_1.2.0.201505291716/tools/compiler/bin/../lib/gcc/arm-none-eabi/4.9.3/../../../../arm-none-eabi/lib/armv7e-m/fpu\libc.a(lib_a-init.o)
 .ARM.attributes
                0x00000377       0x34 c:/ac6/systemworkbench/plugins/fr.ac6.mcu.externaltools.arm-none.win32_1.2.0.201505291716/tools/compiler/bin/../lib/gcc/arm-none-eabi/4.9.3/../../../../arm-none-eabi/lib/armv7e-m/fpu\libc.a(lib_a-__call_atexit.o)
 .ARM.attributes
                0x000003ab       0x34 c:/ac6/systemworkbench/plugins/fr.ac6.mcu.externaltools.arm-none.win32_1.2.0.201505291716/tools/compiler/bin/../lib/gcc/arm-none-eabi/4.9.3/../../../../arm-none-eabi/lib/armv7e-m/fpu\libc.a(lib_a-atexit.o)
 .ARM.attributes
                0x000003df       0x34 c:/ac6/systemworkbench/plugins/fr.ac6.mcu.externaltools.arm-none.win32_1.2.0.201505291716/tools/compiler/bin/../lib/gcc/arm-none-eabi/4.9.3/../../../../arm-none-eabi/lib/armv7e-m/fpu\libc.a(lib_a-fini.o)
 .ARM.attributes
                0x00000413       0x34 c:/ac6/systemworkbench/plugins/fr.ac6.mcu.externaltools.arm-none.win32_1.2.0.201505291716/tools/compiler/bin/../lib/gcc/arm-none-eabi/4.9.3/../../../../arm-none-eabi/lib/armv7e-m/fpu\libc.a(lib_a-__atexit.o)
 .ARM.attributes
                0x00000447       0x22 c:/ac6/systemworkbench/plugins/fr.ac6.mcu.externaltools.arm-none.win32_1.2.0.201505291716/tools/compiler/bin/../lib/gcc/arm-none-eabi/4.9.3/armv7e-m/fpu/crtn.o
OUTPUT(Disco_boost_converter.elf elf32-littlearm)

.debug_line     0x00000000     0x5ce2
 .debug_line    0x00000000       0x7f startup/startup_stm32f334x8.o
 .debug_line    0x0000007f      0x7f8 src/boost.o
 .debug_line    0x00000877       0x56 src/dpl.o
 .debug_line    0x000008cd      0x6b8 src/main.o
 .debug_line    0x00000f85      0x630 src/system_stm32f30x.o
 .debug_line    0x000015b5      0x651 Utilities/stm32f3348_discovery.o
 .debug_line    0x00001c06      0xb6d StdPeriph_Driver/src/stm32f30x_adc.o
 .debug_line    0x00002773      0x675 StdPeriph_Driver/src/stm32f30x_exti.o
 .debug_line    0x00002de8      0x6f6 StdPeriph_Driver/src/stm32f30x_gpio.o
 .debug_line    0x000034de     0x113b StdPeriph_Driver/src/stm32f30x_hrtim.o
 .debug_line    0x00004619      0x624 StdPeriph_Driver/src/stm32f30x_misc.o
 .debug_line    0x00004c3d      0x9c9 StdPeriph_Driver/src/stm32f30x_rcc.o
 .debug_line    0x00005606      0x6dc StdPeriph_Driver/src/stm32f30x_syscfg.o

.debug_info     0x00000000     0x7bee
 .debug_info    0x00000000       0x80 startup/startup_stm32f334x8.o
 .debug_info    0x00000080     0x12bd src/boost.o
 .debug_info    0x0000133d       0x70 src/dpl.o
 .debug_info    0x000013ad      0x72d src/main.o
 .debug_info    0x00001ada      0x4a0 src/system_stm32f30x.o
 .debug_info    0x00001f7a      0x7e6 Utilities/stm32f3348_discovery.o
 .debug_info    0x00002760     0x131f StdPeriph_Driver/src/stm32f30x_adc.o
 .debug_info    0x00003a7f      0x3ad StdPeriph_Driver/src/stm32f30x_exti.o
 .debug_info    0x00003e2c      0x611 StdPeriph_Driver/src/stm32f30x_gpio.o
 .debug_info    0x0000443d     0x22b2 StdPeriph_Driver/src/stm32f30x_hrtim.o
 .debug_info    0x000066ef      0x545 StdPeriph_Driver/src/stm32f30x_misc.o
 .debug_info    0x00006c34      0xb34 StdPeriph_Driver/src/stm32f30x_rcc.o
 .debug_info    0x00007768      0x486 StdPeriph_Driver/src/stm32f30x_syscfg.o

.debug_abbrev   0x00000000     0x121c
 .debug_abbrev  0x00000000       0x12 startup/startup_stm32f334x8.o
 .debug_abbrev  0x00000012      0x274 src/boost.o
 .debug_abbrev  0x00000286       0x14 src/dpl.o
 .debug_abbrev  0x0000029a      0x182 src/main.o
 .debug_abbrev  0x0000041c      0x14a src/system_stm32f30x.o
 .debug_abbrev  0x00000566      0x188 Utilities/stm32f3348_discovery.o
 .debug_abbrev  0x000006ee      0x195 StdPeriph_Driver/src/stm32f30x_adc.o
 .debug_abbrev  0x00000883      0x17f StdPeriph_Driver/src/stm32f30x_exti.o
 .debug_abbrev  0x00000a02      0x1a8 StdPeriph_Driver/src/stm32f30x_gpio.o
 .debug_abbrev  0x00000baa      0x1ba StdPeriph_Driver/src/stm32f30x_hrtim.o
 .debug_abbrev  0x00000d64      0x14a StdPeriph_Driver/src/stm32f30x_misc.o
 .debug_abbrev  0x00000eae      0x1e8 StdPeriph_Driver/src/stm32f30x_rcc.o
 .debug_abbrev  0x00001096      0x186 StdPeriph_Driver/src/stm32f30x_syscfg.o

.debug_aranges  0x00000000      0x910
 .debug_aranges
                0x00000000       0x28 startup/startup_stm32f334x8.o
 .debug_aranges
                0x00000028       0x98 src/boost.o
 .debug_aranges
                0x000000c0       0x20 src/dpl.o
 .debug_aranges
                0x000000e0       0x38 src/main.o
 .debug_aranges
                0x00000118       0x30 src/system_stm32f30x.o
 .debug_aranges
                0x00000148       0x48 Utilities/stm32f3348_discovery.o
 .debug_aranges
                0x00000190      0x210 StdPeriph_Driver/src/stm32f30x_adc.o
 .debug_aranges
                0x000003a0       0x58 StdPeriph_Driver/src/stm32f30x_exti.o
 .debug_aranges
                0x000003f8       0x80 StdPeriph_Driver/src/stm32f30x_gpio.o
 .debug_aranges
                0x00000478      0x278 StdPeriph_Driver/src/stm32f30x_hrtim.o
 .debug_aranges
                0x000006f0       0x40 StdPeriph_Driver/src/stm32f30x_misc.o
 .debug_aranges
                0x00000730      0x158 StdPeriph_Driver/src/stm32f30x_rcc.o
 .debug_aranges
                0x00000888       0x88 StdPeriph_Driver/src/stm32f30x_syscfg.o

.debug_ranges   0x00000000      0x838
 .debug_ranges  0x00000000       0x20 startup/startup_stm32f334x8.o
 .debug_ranges  0x00000020       0x88 src/boost.o
 .debug_ranges  0x000000a8       0x28 src/main.o
 .debug_ranges  0x000000d0       0x20 src/system_stm32f30x.o
 .debug_ranges  0x000000f0       0x38 Utilities/stm32f3348_discovery.o
 .debug_ranges  0x00000128      0x200 StdPeriph_Driver/src/stm32f30x_adc.o
 .debug_ranges  0x00000328       0x48 StdPeriph_Driver/src/stm32f30x_exti.o
 .debug_ranges  0x00000370       0x70 StdPeriph_Driver/src/stm32f30x_gpio.o
 .debug_ranges  0x000003e0      0x268 StdPeriph_Driver/src/stm32f30x_hrtim.o
 .debug_ranges  0x00000648       0x30 StdPeriph_Driver/src/stm32f30x_misc.o
 .debug_ranges  0x00000678      0x148 StdPeriph_Driver/src/stm32f30x_rcc.o
 .debug_ranges  0x000007c0       0x78 StdPeriph_Driver/src/stm32f30x_syscfg.o

.debug_macro    0x00000000    0x1337c
 .debug_macro   0x00000000      0x23c src/boost.o
 .debug_macro   0x0000023c      0x898 src/boost.o
 .debug_macro   0x00000ad4       0x76 src/boost.o
 .debug_macro   0x00000b4a       0x3b src/boost.o
 .debug_macro   0x00000b85       0x22 src/boost.o
 .debug_macro   0x00000ba7       0x44 src/boost.o
 .debug_macro   0x00000beb       0x1c src/boost.o
 .debug_macro   0x00000c07      0x1f7 src/boost.o
 .debug_macro   0x00000dfe       0x2d src/boost.o
 .debug_macro   0x00000e2b       0x42 src/boost.o
 .debug_macro   0x00000e6d      0xd39 src/boost.o
 .debug_macro   0x00001ba6     0x9390 src/boost.o
 .debug_macro   0x0000af36      0x5a6 src/boost.o
 .debug_macro   0x0000b4dc      0x3cf src/boost.o
 .debug_macro   0x0000b8ab       0x46 src/boost.o
 .debug_macro   0x0000b8f1      0x277 src/boost.o
 .debug_macro   0x0000bb68      0x1b6 src/boost.o
 .debug_macro   0x0000bd1e       0x8e src/boost.o
 .debug_macro   0x0000bdac      0x3a8 src/boost.o
 .debug_macro   0x0000c154      0x114 src/boost.o
 .debug_macro   0x0000c268      0x1e4 src/boost.o
 .debug_macro   0x0000c44c      0x1bd src/boost.o
 .debug_macro   0x0000c609     0x13d6 src/boost.o
 .debug_macro   0x0000d9df      0x264 src/boost.o
 .debug_macro   0x0000dc43      0x29a src/boost.o
 .debug_macro   0x0000dedd       0x70 src/boost.o
 .debug_macro   0x0000df4d      0x10c src/boost.o
 .debug_macro   0x0000e059       0xb8 src/boost.o
 .debug_macro   0x0000e111      0x66e src/boost.o
 .debug_macro   0x0000e77f      0x551 src/boost.o
 .debug_macro   0x0000ecd0      0x3ab src/boost.o
 .debug_macro   0x0000f07b      0x8d8 src/boost.o
 .debug_macro   0x0000f953      0x364 src/boost.o
 .debug_macro   0x0000fcb7       0x34 src/boost.o
 .debug_macro   0x0000fceb       0x89 src/boost.o
 .debug_macro   0x0000fd74       0x35 src/boost.o
 .debug_macro   0x0000fda9       0x22 src/boost.o
 .debug_macro   0x0000fdcb       0x1c src/boost.o
 .debug_macro   0x0000fde7      0x1e9 src/main.o
 .debug_macro   0x0000ffd0       0x88 src/main.o
 .debug_macro   0x00010058      0x188 src/system_stm32f30x.o
 .debug_macro   0x000101e0      0x191 Utilities/stm32f3348_discovery.o
 .debug_macro   0x00010371       0x82 Utilities/stm32f3348_discovery.o
 .debug_macro   0x000103f3      0x1a8 StdPeriph_Driver/src/stm32f30x_adc.o
 .debug_macro   0x0001059b      0x3c9 StdPeriph_Driver/src/stm32f30x_adc.o
 .debug_macro   0x00010964      0x192 StdPeriph_Driver/src/stm32f30x_exti.o
 .debug_macro   0x00010af6      0x10e StdPeriph_Driver/src/stm32f30x_exti.o
 .debug_macro   0x00010c04      0x190 StdPeriph_Driver/src/stm32f30x_gpio.o
 .debug_macro   0x00010d94      0x1b7 StdPeriph_Driver/src/stm32f30x_gpio.o
 .debug_macro   0x00010f4b      0x1a1 StdPeriph_Driver/src/stm32f30x_hrtim.o
 .debug_macro   0x000110ec     0x13d0 StdPeriph_Driver/src/stm32f30x_hrtim.o
 .debug_macro   0x000124bc      0x192 StdPeriph_Driver/src/stm32f30x_misc.o
 .debug_macro   0x0001264e       0x83 StdPeriph_Driver/src/stm32f30x_misc.o
 .debug_macro   0x000126d1      0x229 StdPeriph_Driver/src/stm32f30x_rcc.o
 .debug_macro   0x000128fa      0x668 StdPeriph_Driver/src/stm32f30x_rcc.o
 .debug_macro   0x00012f62      0x1bc StdPeriph_Driver/src/stm32f30x_syscfg.o
 .debug_macro   0x0001311e      0x25e StdPeriph_Driver/src/stm32f30x_syscfg.o

.debug_str      0x00000000    0x736be
 .debug_str     0x00000000    0x702f0 src/boost.o
                              0x704bf (size before relaxing)
 .debug_str     0x000702f0      0x441 src/main.o
                              0x6fd9f (size before relaxing)
 .debug_str     0x00070731      0x106 src/system_stm32f30x.o
                              0x6f6a0 (size before relaxing)
 .debug_str     0x00070837      0x2e7 Utilities/stm32f3348_discovery.o
                              0x6ff7b (size before relaxing)
 .debug_str     0x00070b1e      0x874 StdPeriph_Driver/src/stm32f30x_adc.o
                              0x6ffb4 (size before relaxing)
 .debug_str     0x00071392      0x11e StdPeriph_Driver/src/stm32f30x_exti.o
                              0x6f72a (size before relaxing)
 .debug_str     0x000714b0      0x16c StdPeriph_Driver/src/stm32f30x_gpio.o
                              0x6f83b (size before relaxing)
 .debug_str     0x0007161c     0x1134 StdPeriph_Driver/src/stm32f30x_hrtim.o
                              0x7094b (size before relaxing)
 .debug_str     0x00072750      0x11f StdPeriph_Driver/src/stm32f30x_misc.o
                              0x6f78d (size before relaxing)
 .debug_str     0x0007286f      0xa59 StdPeriph_Driver/src/stm32f30x_rcc.o
                              0x70079 (size before relaxing)
 .debug_str     0x000732c8      0x3f6 StdPeriph_Driver/src/stm32f30x_syscfg.o
                              0x6f999 (size before relaxing)

.comment        0x00000000       0x70
 .comment       0x00000000       0x70 src/boost.o
                                 0x71 (size before relaxing)
 .comment       0x00000000       0x71 src/main.o
 .comment       0x00000000       0x71 src/system_stm32f30x.o
 .comment       0x00000000       0x71 Utilities/stm32f3348_discovery.o
 .comment       0x00000000       0x71 StdPeriph_Driver/src/stm32f30x_adc.o
 .comment       0x00000000       0x71 StdPeriph_Driver/src/stm32f30x_exti.o
 .comment       0x00000000       0x71 StdPeriph_Driver/src/stm32f30x_gpio.o
 .comment       0x00000000       0x71 StdPeriph_Driver/src/stm32f30x_hrtim.o
 .comment       0x00000000       0x71 StdPeriph_Driver/src/stm32f30x_misc.o
 .comment       0x00000000       0x71 StdPeriph_Driver/src/stm32f30x_rcc.o
 .comment       0x00000000       0x71 StdPeriph_Driver/src/stm32f30x_syscfg.o

.debug_frame    0x00000000     0x278c
 .debug_frame   0x00000000      0x248 src/boost.o
 .debug_frame   0x00000248       0x98 src/main.o
 .debug_frame   0x000002e0       0x7c src/system_stm32f30x.o
 .debug_frame   0x0000035c       0xf4 Utilities/stm32f3348_discovery.o
 .debug_frame   0x00000450      0x9e4 StdPeriph_Driver/src/stm32f30x_adc.o
 .debug_frame   0x00000e34      0x148 StdPeriph_Driver/src/stm32f30x_exti.o
 .debug_frame   0x00000f7c      0x214 StdPeriph_Driver/src/stm32f30x_gpio.o
 .debug_frame   0x00001190      0xbbc StdPeriph_Driver/src/stm32f30x_hrtim.o
 .debug_frame   0x00001d4c       0xd8 StdPeriph_Driver/src/stm32f30x_misc.o
 .debug_frame   0x00001e24      0x634 StdPeriph_Driver/src/stm32f30x_rcc.o
 .debug_frame   0x00002458      0x230 StdPeriph_Driver/src/stm32f30x_syscfg.o
 .debug_frame   0x00002688       0x2c c:/ac6/systemworkbench/plugins/fr.ac6.mcu.externaltools.arm-none.win32_1.2.0.201505291716/tools/compiler/bin/../lib/gcc/arm-none-eabi/4.9.3/../../../../arm-none-eabi/lib/armv7e-m/fpu\libc.a(lib_a-init.o)
 .debug_frame   0x000026b4       0x50 c:/ac6/systemworkbench/plugins/fr.ac6.mcu.externaltools.arm-none.win32_1.2.0.201505291716/tools/compiler/bin/../lib/gcc/arm-none-eabi/4.9.3/../../../../arm-none-eabi/lib/armv7e-m/fpu\libc.a(lib_a-__call_atexit.o)
 .debug_frame   0x00002704       0x20 c:/ac6/systemworkbench/plugins/fr.ac6.mcu.externaltools.arm-none.win32_1.2.0.201505291716/tools/compiler/bin/../lib/gcc/arm-none-eabi/4.9.3/../../../../arm-none-eabi/lib/armv7e-m/fpu\libc.a(lib_a-atexit.o)
 .debug_frame   0x00002724       0x34 c:/ac6/systemworkbench/plugins/fr.ac6.mcu.externaltools.arm-none.win32_1.2.0.201505291716/tools/compiler/bin/../lib/gcc/arm-none-eabi/4.9.3/../../../../arm-none-eabi/lib/armv7e-m/fpu\libc.a(lib_a-fini.o)
 .debug_frame   0x00002758       0x34 c:/ac6/systemworkbench/plugins/fr.ac6.mcu.externaltools.arm-none.win32_1.2.0.201505291716/tools/compiler/bin/../lib/gcc/arm-none-eabi/4.9.3/../../../../arm-none-eabi/lib/armv7e-m/fpu\libc.a(lib_a-__atexit.o)
